Archive member included to satisfy reference by file (symbol)

c:/program files (x86)/gnu tools arm embedded/5.4 2016q3/bin/../lib/gcc/arm-none-eabi/5.4.1/../../../../arm-none-eabi/lib/armv7e-m\libc.a(lib_a-strlen.o)
                              ..\obj\main.o (strlen)

Allocating common symbols
Common symbol       size              file

dev                 0xc               ..\obj\main.o
humidity            0x4               ..\obj\main.o
temparature         0x4               ..\obj\main.o
msTicks             0x4               ..\obj\main.o
tabWifiBuffor       0x400             ..\obj\main.o

Discarded input sections

 .text          0x00000000        0x0 ..\obj\semihosting.o
 .data          0x00000000        0x0 ..\obj\semihosting.o
 .text.SH_SendString
                0x00000000       0x20 ..\obj\semihosting.o
 .text.SH_GetChar
                0x00000000       0x40 ..\obj\semihosting.o
 .text          0x00000000        0x0 ..\obj\stm32f4xx_syscfg.o
 .data          0x00000000        0x0 ..\obj\stm32f4xx_syscfg.o
 .bss           0x00000000        0x0 ..\obj\stm32f4xx_syscfg.o
 .text.SYSCFG_DeInit
                0x00000000       0x1c ..\obj\stm32f4xx_syscfg.o
 .text.SYSCFG_MemoryRemapConfig
                0x00000000       0x20 ..\obj\stm32f4xx_syscfg.o
 .text.SYSCFG_EXTILineConfig
                0x00000000       0x84 ..\obj\stm32f4xx_syscfg.o
 .text.SYSCFG_ETH_MediaInterfaceConfig
                0x00000000       0x1c ..\obj\stm32f4xx_syscfg.o
 .text.SYSCFG_CompensationCellCmd
                0x00000000       0x20 ..\obj\stm32f4xx_syscfg.o
 .text.SYSCFG_GetCompensationCellStatus
                0x00000000       0x30 ..\obj\stm32f4xx_syscfg.o
 .debug_info    0x00000000      0x274 ..\obj\stm32f4xx_syscfg.o
 .debug_abbrev  0x00000000      0x133 ..\obj\stm32f4xx_syscfg.o
 .debug_aranges
                0x00000000       0x48 ..\obj\stm32f4xx_syscfg.o
 .debug_ranges  0x00000000       0x38 ..\obj\stm32f4xx_syscfg.o
 .debug_line    0x00000000      0x22e ..\obj\stm32f4xx_syscfg.o
 .debug_str     0x00000000      0x2f5 ..\obj\stm32f4xx_syscfg.o
 .comment       0x00000000       0x6f ..\obj\stm32f4xx_syscfg.o
 .debug_frame   0x00000000       0xf4 ..\obj\stm32f4xx_syscfg.o
 .ARM.attributes
                0x00000000       0x33 ..\obj\stm32f4xx_syscfg.o
 .text          0x00000000        0x0 ..\obj\stm32f4xx_usart.o
 .data          0x00000000        0x0 ..\obj\stm32f4xx_usart.o
 .bss           0x00000000        0x0 ..\obj\stm32f4xx_usart.o
 .text.USART_DeInit
                0x00000000       0xd4 ..\obj\stm32f4xx_usart.o
 .text.USART_StructInit
                0x00000000       0x38 ..\obj\stm32f4xx_usart.o
 .text.USART_ClockInit
                0x00000000       0x54 ..\obj\stm32f4xx_usart.o
 .text.USART_ClockStructInit
                0x00000000       0x2c ..\obj\stm32f4xx_usart.o
 .text.USART_SetPrescaler
                0x00000000       0x38 ..\obj\stm32f4xx_usart.o
 .text.USART_OverSampling8Cmd
                0x00000000       0x44 ..\obj\stm32f4xx_usart.o
 .text.USART_OneBitMethodCmd
                0x00000000       0x40 ..\obj\stm32f4xx_usart.o
 .text.USART_ReceiveData
                0x00000000       0x20 ..\obj\stm32f4xx_usart.o
 .text.USART_SetAddress
                0x00000000       0x38 ..\obj\stm32f4xx_usart.o
 .text.USART_ReceiverWakeUpCmd
                0x00000000       0x40 ..\obj\stm32f4xx_usart.o
 .text.USART_WakeUpConfig
                0x00000000       0x38 ..\obj\stm32f4xx_usart.o
 .text.USART_LINBreakDetectLengthConfig
                0x00000000       0x38 ..\obj\stm32f4xx_usart.o
 .text.USART_LINCmd
                0x00000000       0x40 ..\obj\stm32f4xx_usart.o
 .text.USART_SendBreak
                0x00000000       0x24 ..\obj\stm32f4xx_usart.o
 .text.USART_HalfDuplexCmd
                0x00000000       0x40 ..\obj\stm32f4xx_usart.o
 .text.USART_SetGuardTime
                0x00000000       0x3c ..\obj\stm32f4xx_usart.o
 .text.USART_SmartCardCmd
                0x00000000       0x40 ..\obj\stm32f4xx_usart.o
 .text.USART_SmartCardNACKCmd
                0x00000000       0x40 ..\obj\stm32f4xx_usart.o
 .text.USART_IrDAConfig
                0x00000000       0x38 ..\obj\stm32f4xx_usart.o
 .text.USART_IrDACmd
                0x00000000       0x40 ..\obj\stm32f4xx_usart.o
 .text.USART_DMACmd
                0x00000000       0x48 ..\obj\stm32f4xx_usart.o
 .text.USART_GetFlagStatus
                0x00000000       0x38 ..\obj\stm32f4xx_usart.o
 .text.USART_ClearFlag
                0x00000000       0x20 ..\obj\stm32f4xx_usart.o
 .text.USART_ClearITPendingBit
                0x00000000       0x38 ..\obj\stm32f4xx_usart.o
 .text          0x00000000        0x0 ..\obj\startup_stm32f4xx.o
 .data          0x00000000        0x0 ..\obj\startup_stm32f4xx.o
 .bss           0x00000000        0x0 ..\obj\startup_stm32f4xx.o
 .text          0x00000000        0x0 ..\obj\main.o
 .text          0x00000000        0x0 ..\obj\stm32f4xx_rcc.o
 .bss           0x00000000        0x0 ..\obj\stm32f4xx_rcc.o
 .text.RCC_DeInit
                0x00000000       0x50 ..\obj\stm32f4xx_rcc.o
 .text.RCC_HSEConfig
                0x00000000       0x24 ..\obj\stm32f4xx_rcc.o
 .text.RCC_WaitForHSEStartUp
                0x00000000       0x50 ..\obj\stm32f4xx_rcc.o
 .text.RCC_AdjustHSICalibrationValue
                0x00000000       0x3c ..\obj\stm32f4xx_rcc.o
 .text.RCC_HSICmd
                0x00000000       0x20 ..\obj\stm32f4xx_rcc.o
 .text.RCC_LSEConfig
                0x00000000       0x40 ..\obj\stm32f4xx_rcc.o
 .text.RCC_LSICmd
                0x00000000       0x20 ..\obj\stm32f4xx_rcc.o
 .text.RCC_PLLConfig
                0x00000000       0x3c ..\obj\stm32f4xx_rcc.o
 .text.RCC_PLLCmd
                0x00000000       0x20 ..\obj\stm32f4xx_rcc.o
 .text.RCC_PLLI2SConfig
                0x00000000       0x28 ..\obj\stm32f4xx_rcc.o
 .text.RCC_PLLI2SCmd
                0x00000000       0x20 ..\obj\stm32f4xx_rcc.o
 .text.RCC_ClockSecuritySystemCmd
                0x00000000       0x20 ..\obj\stm32f4xx_rcc.o
 .text.RCC_MCO1Config
                0x00000000       0x3c ..\obj\stm32f4xx_rcc.o
 .text.RCC_MCO2Config
                0x00000000       0x3c ..\obj\stm32f4xx_rcc.o
 .text.RCC_SYSCLKConfig
                0x00000000       0x38 ..\obj\stm32f4xx_rcc.o
 .text.RCC_GetSYSCLKSource
                0x00000000       0x1c ..\obj\stm32f4xx_rcc.o
 .text.RCC_HCLKConfig
                0x00000000       0x38 ..\obj\stm32f4xx_rcc.o
 .text.RCC_PCLK1Config
                0x00000000       0x38 ..\obj\stm32f4xx_rcc.o
 .text.RCC_PCLK2Config
                0x00000000       0x38 ..\obj\stm32f4xx_rcc.o
 .text.RCC_RTCCLKConfig
                0x00000000       0x5c ..\obj\stm32f4xx_rcc.o
 .text.RCC_RTCCLKCmd
                0x00000000       0x20 ..\obj\stm32f4xx_rcc.o
 .text.RCC_BackupResetCmd
                0x00000000       0x20 ..\obj\stm32f4xx_rcc.o
 .text.RCC_I2SCLKConfig
                0x00000000       0x1c ..\obj\stm32f4xx_rcc.o
 .text.RCC_AHB2PeriphClockCmd
                0x00000000       0x3c ..\obj\stm32f4xx_rcc.o
 .text.RCC_AHB3PeriphClockCmd
                0x00000000       0x3c ..\obj\stm32f4xx_rcc.o
 .text.RCC_APB2PeriphClockCmd
                0x00000000       0x3c ..\obj\stm32f4xx_rcc.o
 .text.RCC_AHB1PeriphResetCmd
                0x00000000       0x3c ..\obj\stm32f4xx_rcc.o
 .text.RCC_AHB2PeriphResetCmd
                0x00000000       0x3c ..\obj\stm32f4xx_rcc.o
 .text.RCC_AHB3PeriphResetCmd
                0x00000000       0x3c ..\obj\stm32f4xx_rcc.o
 .text.RCC_APB1PeriphResetCmd
                0x00000000       0x3c ..\obj\stm32f4xx_rcc.o
 .text.RCC_APB2PeriphResetCmd
                0x00000000       0x3c ..\obj\stm32f4xx_rcc.o
 .text.RCC_AHB1PeriphClockLPModeCmd
                0x00000000       0x3c ..\obj\stm32f4xx_rcc.o
 .text.RCC_AHB2PeriphClockLPModeCmd
                0x00000000       0x3c ..\obj\stm32f4xx_rcc.o
 .text.RCC_AHB3PeriphClockLPModeCmd
                0x00000000       0x3c ..\obj\stm32f4xx_rcc.o
 .text.RCC_APB1PeriphClockLPModeCmd
                0x00000000       0x3c ..\obj\stm32f4xx_rcc.o
 .text.RCC_APB2PeriphClockLPModeCmd
                0x00000000       0x3c ..\obj\stm32f4xx_rcc.o
 .text.RCC_ITConfig
                0x00000000       0x4c ..\obj\stm32f4xx_rcc.o
 .text.RCC_GetFlagStatus
                0x00000000       0x74 ..\obj\stm32f4xx_rcc.o
 .text.RCC_ClearFlag
                0x00000000       0x1c ..\obj\stm32f4xx_rcc.o
 .text.RCC_GetITStatus
                0x00000000       0x34 ..\obj\stm32f4xx_rcc.o
 .text.RCC_ClearITPendingBit
                0x00000000       0x20 ..\obj\stm32f4xx_rcc.o
 .text          0x00000000        0x0 ..\obj\printf.o
 .bss           0x00000000        0x0 ..\obj\printf.o
 .text.snprintf
                0x00000000       0x30 ..\obj\printf.o
 .text.fprintf  0x00000000       0x2c ..\obj\printf.o
 .text.puts     0x00000000       0x24 ..\obj\printf.o
 .text          0x00000000        0x0 ..\obj\dht11.o
 .data          0x00000000        0x0 ..\obj\dht11.o
 .bss           0x00000000        0x0 ..\obj\dht11.o
 .text          0x00000000        0x0 ..\obj\stm32f4xx_gpio.o
 .data          0x00000000        0x0 ..\obj\stm32f4xx_gpio.o
 .bss           0x00000000        0x0 ..\obj\stm32f4xx_gpio.o
 .text.GPIO_DeInit
                0x00000000      0x120 ..\obj\stm32f4xx_gpio.o
 .text.GPIO_StructInit
                0x00000000       0x34 ..\obj\stm32f4xx_gpio.o
 .text.GPIO_PinLockConfig
                0x00000000       0x44 ..\obj\stm32f4xx_gpio.o
 .text.GPIO_ReadInputData
                0x00000000       0x18 ..\obj\stm32f4xx_gpio.o
 .text.GPIO_ReadOutputDataBit
                0x00000000       0x34 ..\obj\stm32f4xx_gpio.o
 .text.GPIO_ReadOutputData
                0x00000000       0x18 ..\obj\stm32f4xx_gpio.o
 .text.GPIO_WriteBit
                0x00000000       0x30 ..\obj\stm32f4xx_gpio.o
 .text.GPIO_Write
                0x00000000       0x1c ..\obj\stm32f4xx_gpio.o
 .text.GPIO_ToggleBits
                0x00000000       0x24 ..\obj\stm32f4xx_gpio.o
 .data          0x00000000        0x0 ..\obj\sh_cmd.o
 .bss           0x00000000        0x0 ..\obj\sh_cmd.o
 .text          0x00000000        0x0 ..\obj\system_stm32f4xx.o
 .bss           0x00000000        0x0 ..\obj\system_stm32f4xx.o
 .text          0x00000000        0x0 ..\obj\stm32f4xx_exti.o
 .data          0x00000000        0x0 ..\obj\stm32f4xx_exti.o
 .bss           0x00000000        0x0 ..\obj\stm32f4xx_exti.o
 .text.EXTI_DeInit
                0x00000000       0x34 ..\obj\stm32f4xx_exti.o
 .text.EXTI_Init
                0x00000000       0xe4 ..\obj\stm32f4xx_exti.o
 .text.EXTI_StructInit
                0x00000000       0x2c ..\obj\stm32f4xx_exti.o
 .text.EXTI_GenerateSWInterrupt
                0x00000000       0x24 ..\obj\stm32f4xx_exti.o
 .text.EXTI_GetFlagStatus
                0x00000000       0x34 ..\obj\stm32f4xx_exti.o
 .text.EXTI_ClearFlag
                0x00000000       0x1c ..\obj\stm32f4xx_exti.o
 .text.EXTI_GetITStatus
                0x00000000       0x48 ..\obj\stm32f4xx_exti.o
 .text.EXTI_ClearITPendingBit
                0x00000000       0x1c ..\obj\stm32f4xx_exti.o
 .debug_info    0x00000000      0x357 ..\obj\stm32f4xx_exti.o
 .debug_abbrev  0x00000000      0x1a9 ..\obj\stm32f4xx_exti.o
 .debug_aranges
                0x00000000       0x58 ..\obj\stm32f4xx_exti.o
 .debug_ranges  0x00000000       0x48 ..\obj\stm32f4xx_exti.o
 .debug_line    0x00000000      0x2c5 ..\obj\stm32f4xx_exti.o
 .debug_str     0x00000000      0x35a ..\obj\stm32f4xx_exti.o
 .comment       0x00000000       0x6f ..\obj\stm32f4xx_exti.o
 .debug_frame   0x00000000      0x148 ..\obj\stm32f4xx_exti.o
 .ARM.attributes
                0x00000000       0x33 ..\obj\stm32f4xx_exti.o
 .text          0x00000000        0x0 ..\obj\misc.o
 .data          0x00000000        0x0 ..\obj\misc.o
 .bss           0x00000000        0x0 ..\obj\misc.o
 .text.NVIC_SetVectorTable
                0x00000000       0x2c ..\obj\misc.o
 .text.NVIC_SystemLPConfig
                0x00000000       0x40 ..\obj\misc.o
 .text.SysTick_CLKSourceConfig
                0x00000000       0x38 ..\obj\misc.o
 .text          0x00000000        0x0 ..\obj\stm32f4xx_tim.o
 .data          0x00000000        0x0 ..\obj\stm32f4xx_tim.o
 .bss           0x00000000        0x0 ..\obj\stm32f4xx_tim.o
 .text.TIM_DeInit
                0x00000000      0x1c0 ..\obj\stm32f4xx_tim.o
 .text.TIM_TimeBaseStructInit
                0x00000000       0x34 ..\obj\stm32f4xx_tim.o
 .text.TIM_PrescalerConfig
                0x00000000       0x28 ..\obj\stm32f4xx_tim.o
 .text.TIM_CounterModeConfig
                0x00000000       0x38 ..\obj\stm32f4xx_tim.o
 .text.TIM_SetAutoreload
                0x00000000       0x1c ..\obj\stm32f4xx_tim.o
 .text.TIM_GetPrescaler
                0x00000000       0x18 ..\obj\stm32f4xx_tim.o
 .text.TIM_UpdateDisableConfig
                0x00000000       0x40 ..\obj\stm32f4xx_tim.o
 .text.TIM_UpdateRequestConfig
                0x00000000       0x40 ..\obj\stm32f4xx_tim.o
 .text.TIM_ARRPreloadConfig
                0x00000000       0x40 ..\obj\stm32f4xx_tim.o
 .text.TIM_SelectOnePulseMode
                0x00000000       0x38 ..\obj\stm32f4xx_tim.o
 .text.TIM_SetClockDivision
                0x00000000       0x38 ..\obj\stm32f4xx_tim.o
 .text.TIM_OC1Init
                0x00000000       0xf4 ..\obj\stm32f4xx_tim.o
 .text.TIM_OC2Init
                0x00000000      0x110 ..\obj\stm32f4xx_tim.o
 .text.TIM_OC3Init
                0x00000000      0x10c ..\obj\stm32f4xx_tim.o
 .text.TIM_OC4Init
                0x00000000       0xcc ..\obj\stm32f4xx_tim.o
 .text.TIM_OCStructInit
                0x00000000       0x44 ..\obj\stm32f4xx_tim.o
 .text.TIM_SelectOCxM
                0x00000000       0xb0 ..\obj\stm32f4xx_tim.o
 .text.TIM_SetCompare1
                0x00000000       0x1c ..\obj\stm32f4xx_tim.o
 .text.TIM_SetCompare2
                0x00000000       0x1c ..\obj\stm32f4xx_tim.o
 .text.TIM_SetCompare3
                0x00000000       0x1c ..\obj\stm32f4xx_tim.o
 .text.TIM_SetCompare4
                0x00000000       0x1c ..\obj\stm32f4xx_tim.o
 .text.TIM_ForcedOC1Config
                0x00000000       0x38 ..\obj\stm32f4xx_tim.o
 .text.TIM_ForcedOC2Config
                0x00000000       0x3c ..\obj\stm32f4xx_tim.o
 .text.TIM_ForcedOC3Config
                0x00000000       0x38 ..\obj\stm32f4xx_tim.o
 .text.TIM_ForcedOC4Config
                0x00000000       0x3c ..\obj\stm32f4xx_tim.o
 .text.TIM_OC1PreloadConfig
                0x00000000       0x38 ..\obj\stm32f4xx_tim.o
 .text.TIM_OC2PreloadConfig
                0x00000000       0x3c ..\obj\stm32f4xx_tim.o
 .text.TIM_OC3PreloadConfig
                0x00000000       0x38 ..\obj\stm32f4xx_tim.o
 .text.TIM_OC4PreloadConfig
                0x00000000       0x3c ..\obj\stm32f4xx_tim.o
 .text.TIM_OC1FastConfig
                0x00000000       0x38 ..\obj\stm32f4xx_tim.o
 .text.TIM_OC2FastConfig
                0x00000000       0x3c ..\obj\stm32f4xx_tim.o
 .text.TIM_OC3FastConfig
                0x00000000       0x38 ..\obj\stm32f4xx_tim.o
 .text.TIM_OC4FastConfig
                0x00000000       0x3c ..\obj\stm32f4xx_tim.o
 .text.TIM_ClearOC1Ref
                0x00000000       0x38 ..\obj\stm32f4xx_tim.o
 .text.TIM_ClearOC2Ref
                0x00000000       0x3c ..\obj\stm32f4xx_tim.o
 .text.TIM_ClearOC3Ref
                0x00000000       0x38 ..\obj\stm32f4xx_tim.o
 .text.TIM_ClearOC4Ref
                0x00000000       0x3c ..\obj\stm32f4xx_tim.o
 .text.TIM_OC1PolarityConfig
                0x00000000       0x38 ..\obj\stm32f4xx_tim.o
 .text.TIM_OC1NPolarityConfig
                0x00000000       0x38 ..\obj\stm32f4xx_tim.o
 .text.TIM_OC2PolarityConfig
                0x00000000       0x3c ..\obj\stm32f4xx_tim.o
 .text.TIM_OC2NPolarityConfig
                0x00000000       0x3c ..\obj\stm32f4xx_tim.o
 .text.TIM_OC3PolarityConfig
                0x00000000       0x3c ..\obj\stm32f4xx_tim.o
 .text.TIM_OC3NPolarityConfig
                0x00000000       0x3c ..\obj\stm32f4xx_tim.o
 .text.TIM_OC4PolarityConfig
                0x00000000       0x3c ..\obj\stm32f4xx_tim.o
 .text.TIM_CCxCmd
                0x00000000       0x54 ..\obj\stm32f4xx_tim.o
 .text.TIM_CCxNCmd
                0x00000000       0x54 ..\obj\stm32f4xx_tim.o
 .text.TIM_ICInit
                0x00000000       0xa8 ..\obj\stm32f4xx_tim.o
 .text.TIM_ICStructInit
                0x00000000       0x30 ..\obj\stm32f4xx_tim.o
 .text.TIM_PWMIConfig
                0x00000000       0xb8 ..\obj\stm32f4xx_tim.o
 .text.TIM_GetCapture1
                0x00000000       0x18 ..\obj\stm32f4xx_tim.o
 .text.TIM_GetCapture2
                0x00000000       0x18 ..\obj\stm32f4xx_tim.o
 .text.TIM_GetCapture3
                0x00000000       0x18 ..\obj\stm32f4xx_tim.o
 .text.TIM_GetCapture4
                0x00000000       0x18 ..\obj\stm32f4xx_tim.o
 .text.TIM_SetIC1Prescaler
                0x00000000       0x38 ..\obj\stm32f4xx_tim.o
 .text.TIM_SetIC2Prescaler
                0x00000000       0x3c ..\obj\stm32f4xx_tim.o
 .text.TIM_SetIC3Prescaler
                0x00000000       0x38 ..\obj\stm32f4xx_tim.o
 .text.TIM_SetIC4Prescaler
                0x00000000       0x3c ..\obj\stm32f4xx_tim.o
 .text.TIM_BDTRConfig
                0x00000000       0x50 ..\obj\stm32f4xx_tim.o
 .text.TIM_BDTRStructInit
                0x00000000       0x3c ..\obj\stm32f4xx_tim.o
 .text.TIM_CtrlPWMOutputs
                0x00000000       0x4c ..\obj\stm32f4xx_tim.o
 .text.TIM_SelectCOM
                0x00000000       0x40 ..\obj\stm32f4xx_tim.o
 .text.TIM_CCPreloadControl
                0x00000000       0x40 ..\obj\stm32f4xx_tim.o
 .text.TIM_ITConfig
                0x00000000       0x48 ..\obj\stm32f4xx_tim.o
 .text.TIM_GenerateEvent
                0x00000000       0x1c ..\obj\stm32f4xx_tim.o
 .text.TIM_GetFlagStatus
                0x00000000       0x38 ..\obj\stm32f4xx_tim.o
 .text.TIM_ClearFlag
                0x00000000       0x20 ..\obj\stm32f4xx_tim.o
 .text.TIM_GetITStatus
                0x00000000       0x54 ..\obj\stm32f4xx_tim.o
 .text.TIM_ClearITPendingBit
                0x00000000       0x20 ..\obj\stm32f4xx_tim.o
 .text.TIM_DMAConfig
                0x00000000       0x28 ..\obj\stm32f4xx_tim.o
 .text.TIM_DMACmd
                0x00000000       0x48 ..\obj\stm32f4xx_tim.o
 .text.TIM_SelectCCDMA
                0x00000000       0x40 ..\obj\stm32f4xx_tim.o
 .text.TIM_InternalClockConfig
                0x00000000       0x24 ..\obj\stm32f4xx_tim.o
 .text.TIM_ITRxExternalClockConfig
                0x00000000       0x30 ..\obj\stm32f4xx_tim.o
 .text.TIM_TIxExternalClockConfig
                0x00000000       0x5c ..\obj\stm32f4xx_tim.o
 .text.TIM_ETRClockMode1Config
                0x00000000       0x60 ..\obj\stm32f4xx_tim.o
 .text.TIM_ETRClockMode2Config
                0x00000000       0x40 ..\obj\stm32f4xx_tim.o
 .text.TIM_SelectInputTrigger
                0x00000000       0x38 ..\obj\stm32f4xx_tim.o
 .text.TIM_SelectOutputTrigger
                0x00000000       0x38 ..\obj\stm32f4xx_tim.o
 .text.TIM_SelectSlaveMode
                0x00000000       0x38 ..\obj\stm32f4xx_tim.o
 .text.TIM_SelectMasterSlaveMode
                0x00000000       0x38 ..\obj\stm32f4xx_tim.o
 .text.TIM_ETRConfig
                0x00000000       0x54 ..\obj\stm32f4xx_tim.o
 .text.TIM_EncoderInterfaceConfig
                0x00000000       0x98 ..\obj\stm32f4xx_tim.o
 .text.TIM_SelectHallSensor
                0x00000000       0x40 ..\obj\stm32f4xx_tim.o
 .text.TIM_RemapConfig
                0x00000000       0x20 ..\obj\stm32f4xx_tim.o
 .text.TI1_Config
                0x00000000       0x84 ..\obj\stm32f4xx_tim.o
 .text.TI2_Config
                0x00000000       0x98 ..\obj\stm32f4xx_tim.o
 .text.TI3_Config
                0x00000000       0x90 ..\obj\stm32f4xx_tim.o
 .text.TI4_Config
                0x00000000       0x9c ..\obj\stm32f4xx_tim.o
 .data          0x00000000        0x0 c:/program files (x86)/gnu tools arm embedded/5.4 2016q3/bin/../lib/gcc/arm-none-eabi/5.4.1/../../../../arm-none-eabi/lib/armv7e-m\libc.a(lib_a-strlen.o)
 .bss           0x00000000        0x0 c:/program files (x86)/gnu tools arm embedded/5.4 2016q3/bin/../lib/gcc/arm-none-eabi/5.4.1/../../../../arm-none-eabi/lib/armv7e-m\libc.a(lib_a-strlen.o)

Memory Configuration

Name             Origin             Length             Attributes
rom              0x08000000         0x00100000         xr
ram              0x20000000         0x00020000         xrw
ram1             0x10000000         0x00010000         xrw
*default*        0x00000000         0xffffffff

Linker script and memory map

                0x20020000                _eram = 0x20020000

.text           0x08000000     0x1fd4
 *(.isr_vector)
 .isr_vector    0x08000000      0x188 ..\obj\startup_stm32f4xx.o
                0x08000000                g_pfnVectors
 *(.text*)
 .text.SH_SendChar
                0x08000188       0x64 ..\obj\semihosting.o
                0x08000188                SH_SendChar
 .text.USART_Init
                0x080001ec      0x174 ..\obj\stm32f4xx_usart.o
                0x080001ec                USART_Init
 .text.USART_Cmd
                0x08000360       0x40 ..\obj\stm32f4xx_usart.o
                0x08000360                USART_Cmd
 .text.USART_SendData
                0x080003a0       0x24 ..\obj\stm32f4xx_usart.o
                0x080003a0                USART_SendData
 .text.USART_ITConfig
                0x080003c4       0x90 ..\obj\stm32f4xx_usart.o
                0x080003c4                USART_ITConfig
 .text.USART_GetITStatus
                0x08000454       0xb4 ..\obj\stm32f4xx_usart.o
                0x08000454                USART_GetITStatus
 .text.Default_Reset_Handler
                0x08000508       0x5c ..\obj\startup_stm32f4xx.o
                0x08000508                Default_Reset_Handler
                0x08000508                Reset_Handler
 .text.Default_Handler
                0x08000564        0x8 ..\obj\startup_stm32f4xx.o
                0x08000564                RTC_Alarm_IRQHandler
                0x08000564                HASH_RNG_IRQHandler
                0x08000564                EXTI2_IRQHandler
                0x08000564                TIM8_CC_IRQHandler
                0x08000564                DebugMon_Handler
                0x08000564                TIM1_CC_IRQHandler
                0x08000564                DMA2_Stream5_IRQHandler
                0x08000564                DMA1_Stream5_IRQHandler
                0x08000564                PVD_IRQHandler
                0x08000564                SDIO_IRQHandler
                0x08000564                TAMP_STAMP_IRQHandler
                0x08000564                PendSV_Handler
                0x08000564                NMI_Handler
                0x08000564                CAN2_RX1_IRQHandler
                0x08000564                EXTI3_IRQHandler
                0x08000564                TIM8_TRG_COM_TIM14_IRQHandler
                0x08000564                TIM1_UP_TIM10_IRQHandler
                0x08000564                TIM8_UP_TIM13_IRQHandler
                0x08000564                I2C3_ER_IRQHandler
                0x08000564                EXTI0_IRQHandler
                0x08000564                I2C2_EV_IRQHandler
                0x08000564                DMA1_Stream2_IRQHandler
                0x08000564                CAN1_RX0_IRQHandler
                0x08000564                FPU_IRQHandler
                0x08000564                OTG_HS_WKUP_IRQHandler
                0x08000564                UsageFault_Handler
                0x08000564                CAN2_SCE_IRQHandler
                0x08000564                DMA2_Stream2_IRQHandler
                0x08000564                SPI1_IRQHandler
                0x08000564                TIM6_DAC_IRQHandler
                0x08000564                TIM1_BRK_TIM9_IRQHandler
                0x08000564                DCMI_IRQHandler
                0x08000564                CAN2_RX0_IRQHandler
                0x08000564                DMA2_Stream3_IRQHandler
                0x08000564                USART6_IRQHandler
                0x08000564                CRYP_IRQHandler
                0x08000564                CAN1_RX1_IRQHandler
                0x08000564                UART5_IRQHandler
                0x08000564                DMA2_Stream0_IRQHandler
                0x08000564                TIM4_IRQHandler
                0x08000564                I2C1_EV_IRQHandler
                0x08000564                DMA1_Stream6_IRQHandler
                0x08000564                DMA1_Stream1_IRQHandler
                0x08000564                UART4_IRQHandler
                0x08000564                TIM3_IRQHandler
                0x08000564                RCC_IRQHandler
                0x08000564                TIM8_BRK_TIM12_IRQHandler
                0x08000564                EXTI15_10_IRQHandler
                0x08000564                ADC_IRQHandler
                0x08000564                DMA1_Stream7_IRQHandler
                0x08000564                TIM7_IRQHandler
                0x08000564                CAN2_TX_IRQHandler
                0x08000564                TIM5_IRQHandler
                0x08000564                DMA2_Stream7_IRQHandler
                0x08000564                I2C3_EV_IRQHandler
                0x08000564                EXTI9_5_IRQHandler
                0x08000564                RTC_WKUP_IRQHandler
                0x08000564                ETH_WKUP_IRQHandler
                0x08000564                SPI2_IRQHandler
                0x08000564                OTG_HS_EP1_IN_IRQHandler
                0x08000564                MemManage_Handler
                0x08000564                DMA1_Stream0_IRQHandler
                0x08000564                CAN1_TX_IRQHandler
                0x08000564                SVC_Handler
                0x08000564                EXTI4_IRQHandler
                0x08000564                FSMC_IRQHandler
                0x08000564                ETH_IRQHandler
                0x08000564                OTG_HS_EP1_OUT_IRQHandler
                0x08000564                WWDG_IRQHandler
                0x08000564                TIM2_IRQHandler
                0x08000564                OTG_FS_WKUP_IRQHandler
                0x08000564                TIM1_TRG_COM_TIM11_IRQHandler
                0x08000564                OTG_HS_IRQHandler
                0x08000564                EXTI1_IRQHandler
                0x08000564                USART2_IRQHandler
                0x08000564                I2C2_ER_IRQHandler
                0x08000564                DMA2_Stream1_IRQHandler
                0x08000564                CAN1_SCE_IRQHandler
                0x08000564                FLASH_IRQHandler
                0x08000564                DMA2_Stream4_IRQHandler
                0x08000564                BusFault_Handler
                0x08000564                USART1_IRQHandler
                0x08000564                OTG_FS_IRQHandler
                0x08000564                SPI3_IRQHandler
                0x08000564                DMA1_Stream4_IRQHandler
                0x08000564                I2C1_ER_IRQHandler
                0x08000564                DMA2_Stream6_IRQHandler
                0x08000564                DMA1_Stream3_IRQHandler
 .text.NVIC_EnableIRQ
                0x0800056c       0x30 ..\obj\main.o
 .text.NVIC_SetPriority
                0x0800059c       0x54 ..\obj\main.o
 .text.SysTick_Config
                0x080005f0       0x44 ..\obj\main.o
 .text.SysTick_Handler
                0x08000634       0x1c ..\obj\main.o
                0x08000634                SysTick_Handler
 .text.printfMagicTable
                0x08000650       0x40 ..\obj\main.o
                0x08000650                printfMagicTable
 .text.main     0x08000690      0x134 ..\obj\main.o
                0x08000690                main
 .text.LedInit  0x080007c4       0x3c ..\obj\main.o
                0x080007c4                LedInit
 .text.Delay_us
                0x08000800       0x2c ..\obj\main.o
                0x08000800                Delay_us
 .text.connectWaspCenterNetwork
                0x0800082c       0x48 ..\obj\main.o
                0x0800082c                connectWaspCenterNetwork
 .text.startWaspWard
                0x08000874       0x5c ..\obj\main.o
                0x08000874                startWaspWard
 .text.USART3Init
                0x080008d0       0xc0 ..\obj\main.o
                0x080008d0                USART3Init
 .text.USART3_IRQHandler
                0x08000990       0xac ..\obj\main.o
                0x08000990                USART3_IRQHandler
 .text.USART_Send
                0x08000a3c       0x60 ..\obj\main.o
                0x08000a3c                USART_Send
 .text.StartConnectonWithWaspCenter
                0x08000a9c       0x68 ..\obj\main.o
                0x08000a9c                StartConnectonWithWaspCenter
 .text.CloseConnectonWithWaspCenter
                0x08000b04       0x30 ..\obj\main.o
                0x08000b04                CloseConnectonWithWaspCenter
 .text.SendToWaspCenter
                0x08000b34       0x68 ..\obj\main.o
                0x08000b34                SendToWaspCenter
 .text.getTemparatureAndHumidity
                0x08000b9c       0x5c ..\obj\main.o
                0x08000b9c                getTemparatureAndHumidity
 .text.RCC_GetClocksFreq
                0x08000bf8      0x154 ..\obj\stm32f4xx_rcc.o
                0x08000bf8                RCC_GetClocksFreq
 .text.RCC_AHB1PeriphClockCmd
                0x08000d4c       0x3c ..\obj\stm32f4xx_rcc.o
                0x08000d4c                RCC_AHB1PeriphClockCmd
 .text.RCC_APB1PeriphClockCmd
                0x08000d88       0x3c ..\obj\stm32f4xx_rcc.o
                0x08000d88                RCC_APB1PeriphClockCmd
 .text.PrintChar
                0x08000dc4       0x1c ..\obj\printf.o
                0x08000dc4                PrintChar
 .text.PutChar  0x08000de0       0x20 ..\obj\printf.o
                0x08000de0                PutChar
 .text.PutString
                0x08000e00       0x3c ..\obj\printf.o
                0x08000e00                PutString
 .text.PutUnsignedInt
                0x08000e3c       0x9c ..\obj\printf.o
                0x08000e3c                PutUnsignedInt
 .text.PutSignedInt
                0x08000ed8       0xf8 ..\obj\printf.o
                0x08000ed8                PutSignedInt
 .text.PutHexa  0x08000fd0       0xd4 ..\obj\printf.o
                0x08000fd0                PutHexa
 .text.vsnprintf
                0x080010a4      0x254 ..\obj\printf.o
                0x080010a4                vsnprintf
 .text.vsprintf
                0x080012f8       0x24 ..\obj\printf.o
                0x080012f8                vsprintf
 .text.vfprintf
                0x0800131c       0x80 ..\obj\printf.o
                0x0800131c                vfprintf
 .text.vprintf  0x0800139c       0x28 ..\obj\printf.o
                0x0800139c                vprintf
 .text.printf   0x080013c4       0x28 ..\obj\printf.o
                0x080013c4                printf
 .text.sprintf  0x080013ec       0x2c ..\obj\printf.o
                0x080013ec                sprintf
 .text.fputc    0x08001418       0x40 ..\obj\printf.o
                0x08001418                fputc
 .text.fputs    0x08001458       0x48 ..\obj\printf.o
                0x08001458                fputs
 .text.DHT11_init
                0x080014a0       0x78 ..\obj\dht11.o
                0x080014a0                DHT11_init
 .text.DHT11_read
                0x08001518      0x1c8 ..\obj\dht11.o
                0x08001518                DHT11_read
 .text.GPIO_Init
                0x080016e0      0x11c ..\obj\stm32f4xx_gpio.o
                0x080016e0                GPIO_Init
 .text.GPIO_ReadInputDataBit
                0x080017fc       0x34 ..\obj\stm32f4xx_gpio.o
                0x080017fc                GPIO_ReadInputDataBit
 .text.GPIO_SetBits
                0x08001830       0x1c ..\obj\stm32f4xx_gpio.o
                0x08001830                GPIO_SetBits
 .text.GPIO_ResetBits
                0x0800184c       0x1c ..\obj\stm32f4xx_gpio.o
                0x0800184c                GPIO_ResetBits
 .text.GPIO_PinAFConfig
                0x08001868       0x90 ..\obj\stm32f4xx_gpio.o
                0x08001868                GPIO_PinAFConfig
 .text          0x080018f8       0x26 ..\obj\sh_cmd.o
                0x080018f8                SH_DoCommand
                0x0800190a                HardFault_Handler
 *fill*         0x0800191e        0x2 
 .text.SystemInit
                0x08001920       0x5c ..\obj\system_stm32f4xx.o
                0x08001920                SystemInit
 .text.SystemCoreClockUpdate
                0x0800197c       0xf8 ..\obj\system_stm32f4xx.o
                0x0800197c                SystemCoreClockUpdate
 .text.SetSysClock
                0x08001a74       0xf4 ..\obj\system_stm32f4xx.o
 .text.NVIC_PriorityGroupConfig
                0x08001b68       0x24 ..\obj\misc.o
                0x08001b68                NVIC_PriorityGroupConfig
 .text.NVIC_Init
                0x08001b8c       0xc0 ..\obj\misc.o
                0x08001b8c                NVIC_Init
 .text.TIM_TimeBaseInit
                0x08001c4c       0xd4 ..\obj\stm32f4xx_tim.o
                0x08001c4c                TIM_TimeBaseInit
 .text.TIM_SetCounter
                0x08001d20       0x1c ..\obj\stm32f4xx_tim.o
                0x08001d20                TIM_SetCounter
 .text.TIM_GetCounter
                0x08001d3c       0x18 ..\obj\stm32f4xx_tim.o
                0x08001d3c                TIM_GetCounter
 .text.TIM_Cmd  0x08001d54       0x40 ..\obj\stm32f4xx_tim.o
                0x08001d54                TIM_Cmd
 *fill*         0x08001d94       0x2c 
 .text          0x08001dc0       0xdc c:/program files (x86)/gnu tools arm embedded/5.4 2016q3/bin/../lib/gcc/arm-none-eabi/5.4.1/../../../../arm-none-eabi/lib/armv7e-m\libc.a(lib_a-strlen.o)
                0x08001dc0                strlen
 *(.init)
 *(.fini)
 *crtbegin.o(.ctors)
 *crtbegin?.o(.ctors)
 *(EXCLUDE_FILE(*crtend.o *crtend?.o) .ctors)
 *(SORT(.ctors.*))
 *(.ctors)
 *crtbegin.o(.dtors)
 *crtbegin?.o(.dtors)
 *(EXCLUDE_FILE(*crtend.o *crtend?.o) .dtors)
 *(SORT(.dtors.*))
 *(.dtors)
 *(.rodata*)
 .rodata        0x08001e9c      0x114 ..\obj\main.o
                0x08001e9c                SIZE_WIFI_BUFFOR
                0x08001ed8                PORT_WASPCENTER_SERVER
 .rodata        0x08001fb0       0x24 ..\obj\printf.o
 *(.eh_fram e*)

.glue_7         0x08001fd4        0x0
 .glue_7        0x08001fd4        0x0 linker stubs

.glue_7t        0x08001fd4        0x0
 .glue_7t       0x08001fd4        0x0 linker stubs

.vfp11_veneer   0x08001fd4        0x0
 .vfp11_veneer  0x08001fd4        0x0 linker stubs

.v4_bx          0x08001fd4        0x0
 .v4_bx         0x08001fd4        0x0 linker stubs

.iplt           0x08001fd4        0x0
 .iplt          0x08001fd4        0x0 ..\obj\semihosting.o

.rel.dyn        0x08001fd4        0x0
 .rel.iplt      0x08001fd4        0x0 ..\obj\semihosting.o

.ARM.extab
 *(.ARM.extab* .gnu.linkonce.armextab.*)
                0x08001fd4                __exidx_start = .

.ARM.exidx
 *(.ARM.exidx* .gnu.linkonce.armexidx.*)
                0x08001fd4                __exidx_end = .
                0x08001fd4                __etext = .
                0x08001fd4                _sidata = __etext

.data           0x20000000      0x468 load address 0x08001fd4
                0x20000000                __data_start__ = .
                0x20000000                _sdata = __data_start__
 *(vtable)
 *(.data*)
 .data          0x20000000       0x18 ..\obj\main.o
                0x20000000                mt
                0x20000008                NAME
                0x2000000c                NAME_WASPCENTER_AP
                0x20000010                PASSWORD_WASPCENTER_AP
                0x20000014                IP_WASPCENTER_SERVER
 .data          0x20000018       0x10 ..\obj\stm32f4xx_rcc.o
 .data          0x20000028      0x42c ..\obj\printf.o
                0x20000028                r
                0x20000450                _impure_ptr
 .data          0x20000454       0x14 ..\obj\system_stm32f4xx.o
                0x20000454                SystemCoreClock
                0x20000458                AHBPrescTable
                0x20000468                . = ALIGN (0x4)
                [!provide]                PROVIDE (__preinit_array_start, .)
 *(.preinit_array)
                [!provide]                PROVIDE (__preinit_array_end, .)
                0x20000468                . = ALIGN (0x4)
                [!provide]                PROVIDE (__init_array_start, .)
 *(SORT(.init_array.*))
 *(.init_array)
                [!provide]                PROVIDE (__init_array_end, .)
                0x20000468                . = ALIGN (0x4)
                [!provide]                PROVIDE (__fini_array_start, .)
 *(SORT(.fini_array.*))
 *(.fini_array)
                [!provide]                PROVIDE (__fini_array_end, .)
 *(.jcr*)
                0x20000468                . = ALIGN (0x4)
                0x20000468                __data_end__ = .
                0x20000468                _edata = __data_end__

.igot.plt       0x20000468        0x0 load address 0x0800243c
 .igot.plt      0x20000468        0x0 ..\obj\semihosting.o

.bss            0x20000468      0x430 load address 0x0800243c
                0x20000468                . = ALIGN (0x4)
                0x20000468                __bss_start__ = .
                0x20000468                _sbss = __bss_start__
 *(.bss*)
 .bss           0x20000468       0x11 ..\obj\semihosting.o
 *fill*         0x20000479        0x3 
 .bss           0x2000047c        0x4 ..\obj\main.o
                0x2000047c                read
 *(COMMON)
 COMMON         0x20000480      0x418 ..\obj\main.o
                0x20000480                dev
                0x2000048c                humidity
                0x20000490                temparature
                0x20000494                msTicks
                0x20000498                tabWifiBuffor
                0x20000898                . = ALIGN (0x4)
                0x20000898                __bss_end__ = .
                0x20000898                _ebss = __bss_end__

.heap           0x20000898        0x0
                0x20000898                __end__ = .
                0x20000898                _end = __end__
                0x20000898                end = __end__
 *(.heap*)
                0x20000898                __HeapLimit = .

.co_stack       0x20000898      0x800 load address 0x0800286c
                0x20000898                . = ALIGN (0x8)
 *(.co_stack .co_stack.*)
 .co_stack      0x20000898      0x800 ..\obj\startup_stm32f4xx.o
                0x20000898                pulStack
                0x20020000                __StackTop = (ORIGIN (ram) + LENGTH (ram))
                0x2001f800                __StackLimit = (__StackTop - SIZEOF (.co_stack))
                [!provide]                PROVIDE (__stack, __StackTop)
                0x00000001                ASSERT ((__StackLimit >= __HeapLimit), region ram  overflowed with stack)
LOAD ..\obj\semihosting.o
LOAD ..\obj\stm32f4xx_syscfg.o
LOAD ..\obj\stm32f4xx_usart.o
LOAD ..\obj\startup_stm32f4xx.o
LOAD ..\obj\main.o
LOAD ..\obj\stm32f4xx_rcc.o
LOAD ..\obj\printf.o
LOAD ..\obj\dht11.o
LOAD ..\obj\stm32f4xx_gpio.o
LOAD ..\obj\sh_cmd.o
LOAD ..\obj\system_stm32f4xx.o
LOAD ..\obj\stm32f4xx_exti.o
LOAD ..\obj\misc.o
LOAD ..\obj\stm32f4xx_tim.o
LOAD c:/program files (x86)/gnu tools arm embedded/5.4 2016q3/bin/../lib/gcc/arm-none-eabi/5.4.1/../../../../arm-none-eabi/lib/armv7e-m\libm.a
LOAD c:/program files (x86)/gnu tools arm embedded/5.4 2016q3/bin/../lib/gcc/arm-none-eabi/5.4.1/armv7e-m\libgcc.a
LOAD c:/program files (x86)/gnu tools arm embedded/5.4 2016q3/bin/../lib/gcc/arm-none-eabi/5.4.1/../../../../arm-none-eabi/lib/armv7e-m\libc.a
LOAD c:/program files (x86)/gnu tools arm embedded/5.4 2016q3/bin/../lib/gcc/arm-none-eabi/5.4.1/../../../../arm-none-eabi/lib/armv7e-m\librdimon.a
START GROUP
LOAD c:/program files (x86)/gnu tools arm embedded/5.4 2016q3/bin/../lib/gcc/arm-none-eabi/5.4.1/armv7e-m\libgcc.a
LOAD c:/program files (x86)/gnu tools arm embedded/5.4 2016q3/bin/../lib/gcc/arm-none-eabi/5.4.1/../../../../arm-none-eabi/lib/armv7e-m\libg.a
LOAD c:/program files (x86)/gnu tools arm embedded/5.4 2016q3/bin/../lib/gcc/arm-none-eabi/5.4.1/../../../../arm-none-eabi/lib/armv7e-m\libc.a
END GROUP
OUTPUT(WaspHouse-Ward.elf elf32-littlearm)

.debug_info     0x00000000     0x6a20
 .debug_info    0x00000000      0x136 ..\obj\semihosting.o
 .debug_info    0x00000136      0x9ca ..\obj\stm32f4xx_usart.o
 .debug_info    0x00000b00       0xf2 ..\obj\startup_stm32f4xx.o
 .debug_info    0x00000bf2      0xf38 ..\obj\main.o
 .debug_info    0x00001b2a      0xc63 ..\obj\stm32f4xx_rcc.o
 .debug_info    0x0000278d      0xe4b ..\obj\printf.o
 .debug_info    0x000035d8      0x602 ..\obj\dht11.o
 .debug_info    0x00003bda      0x61a ..\obj\stm32f4xx_gpio.o
 .debug_info    0x000041f4       0xa8 ..\obj\sh_cmd.o
 .debug_info    0x0000429c      0x5c5 ..\obj\system_stm32f4xx.o
 .debug_info    0x00004861      0x556 ..\obj\misc.o
 .debug_info    0x00004db7     0x1c69 ..\obj\stm32f4xx_tim.o

.debug_abbrev   0x00000000     0x1182
 .debug_abbrev  0x00000000       0xad ..\obj\semihosting.o
 .debug_abbrev  0x000000ad      0x157 ..\obj\stm32f4xx_usart.o
 .debug_abbrev  0x00000204       0xb0 ..\obj\startup_stm32f4xx.o
 .debug_abbrev  0x000002b4      0x33d ..\obj\main.o
 .debug_abbrev  0x000005f1      0x1e5 ..\obj\stm32f4xx_rcc.o
 .debug_abbrev  0x000007d6      0x290 ..\obj\printf.o
 .debug_abbrev  0x00000a66      0x159 ..\obj\dht11.o
 .debug_abbrev  0x00000bbf      0x1a7 ..\obj\stm32f4xx_gpio.o
 .debug_abbrev  0x00000d66       0x14 ..\obj\sh_cmd.o
 .debug_abbrev  0x00000d7a      0x138 ..\obj\system_stm32f4xx.o
 .debug_abbrev  0x00000eb2      0x147 ..\obj\misc.o
 .debug_abbrev  0x00000ff9      0x189 ..\obj\stm32f4xx_tim.o

.debug_aranges  0x00000000      0x848
 .debug_aranges
                0x00000000       0x30 ..\obj\semihosting.o
 .debug_aranges
                0x00000030      0x100 ..\obj\stm32f4xx_usart.o
 .debug_aranges
                0x00000130       0x28 ..\obj\startup_stm32f4xx.o
 .debug_aranges
                0x00000158       0xa0 ..\obj\main.o
 .debug_aranges
                0x000001f8      0x178 ..\obj\stm32f4xx_rcc.o
 .debug_aranges
                0x00000370       0xa0 ..\obj\printf.o
 .debug_aranges
                0x00000410       0x28 ..\obj\dht11.o
 .debug_aranges
                0x00000438       0x88 ..\obj\stm32f4xx_gpio.o
 .debug_aranges
                0x000004c0       0x20 ..\obj\sh_cmd.o
 .debug_aranges
                0x000004e0       0x30 ..\obj\system_stm32f4xx.o
 .debug_aranges
                0x00000510       0x40 ..\obj\misc.o
 .debug_aranges
                0x00000550      0x2f8 ..\obj\stm32f4xx_tim.o

.debug_ranges   0x00000000      0x7a8
 .debug_ranges  0x00000000       0x20 ..\obj\semihosting.o
 .debug_ranges  0x00000020       0xf0 ..\obj\stm32f4xx_usart.o
 .debug_ranges  0x00000110       0x18 ..\obj\startup_stm32f4xx.o
 .debug_ranges  0x00000128       0xc0 ..\obj\main.o
 .debug_ranges  0x000001e8      0x168 ..\obj\stm32f4xx_rcc.o
 .debug_ranges  0x00000350       0x90 ..\obj\printf.o
 .debug_ranges  0x000003e0       0x18 ..\obj\dht11.o
 .debug_ranges  0x000003f8       0x78 ..\obj\stm32f4xx_gpio.o
 .debug_ranges  0x00000470       0x20 ..\obj\system_stm32f4xx.o
 .debug_ranges  0x00000490       0x30 ..\obj\misc.o
 .debug_ranges  0x000004c0      0x2e8 ..\obj\stm32f4xx_tim.o

.debug_line     0x00000000     0x29e0
 .debug_line    0x00000000       0xaf ..\obj\semihosting.o
 .debug_line    0x000000af      0x4dd ..\obj\stm32f4xx_usart.o
 .debug_line    0x0000058c       0xa2 ..\obj\startup_stm32f4xx.o
 .debug_line    0x0000062e      0x489 ..\obj\main.o
 .debug_line    0x00000ab7      0x5c9 ..\obj\stm32f4xx_rcc.o
 .debug_line    0x00001080      0x378 ..\obj\printf.o
 .debug_line    0x000013f8      0x299 ..\obj\dht11.o
 .debug_line    0x00001691      0x384 ..\obj\stm32f4xx_gpio.o
 .debug_line    0x00001a15       0x80 ..\obj\sh_cmd.o
 .debug_line    0x00001a95      0x204 ..\obj\system_stm32f4xx.o
 .debug_line    0x00001c99      0x262 ..\obj\misc.o
 .debug_line    0x00001efb      0xae5 ..\obj\stm32f4xx_tim.o

.debug_str      0x00000000     0x2bab
 .debug_str     0x00000000      0x1a0 ..\obj\semihosting.o
                                0x1d9 (size before relaxing)
 .debug_str     0x000001a0      0x540 ..\obj\stm32f4xx_usart.o
                                0x690 (size before relaxing)
 .debug_str     0x000006e0       0xb1 ..\obj\startup_stm32f4xx.o
                                0x148 (size before relaxing)
 .debug_str     0x00000791      0xa22 ..\obj\main.o
                                0xce0 (size before relaxing)
 .debug_str     0x000011b3      0x5e4 ..\obj\stm32f4xx_rcc.o
                                0x851 (size before relaxing)
 .debug_str     0x00001797      0x4c6 ..\obj\printf.o
                                0x680 (size before relaxing)
 .debug_str     0x00001c5d      0x15f ..\obj\dht11.o
                                0x4dc (size before relaxing)
 .debug_str     0x00001dbc      0x19f ..\obj\stm32f4xx_gpio.o
                                0x4a4 (size before relaxing)
 .debug_str     0x00001f5b       0xb5 ..\obj\system_stm32f4xx.o
                                0x3ab (size before relaxing)
 .debug_str     0x00002010      0x114 ..\obj\misc.o
                                0x3cf (size before relaxing)
 .debug_str     0x00002124      0xa87 ..\obj\stm32f4xx_tim.o
                                0xdd1 (size before relaxing)

.comment        0x00000000       0x6e
 .comment       0x00000000       0x6e ..\obj\semihosting.o
                                 0x6f (size before relaxing)
 .comment       0x0000006e       0x6f ..\obj\stm32f4xx_usart.o
 .comment       0x0000006e       0x6f ..\obj\startup_stm32f4xx.o
 .comment       0x0000006e       0x6f ..\obj\main.o
 .comment       0x0000006e       0x6f ..\obj\stm32f4xx_rcc.o
 .comment       0x0000006e       0x6f ..\obj\printf.o
 .comment       0x0000006e       0x6f ..\obj\dht11.o
 .comment       0x0000006e       0x6f ..\obj\stm32f4xx_gpio.o
 .comment       0x0000006e       0x6f ..\obj\system_stm32f4xx.o
 .comment       0x0000006e       0x6f ..\obj\misc.o
 .comment       0x0000006e       0x6f ..\obj\stm32f4xx_tim.o

.ARM.attributes
                0x00000000       0x31
 .ARM.attributes
                0x00000000       0x33 ..\obj\semihosting.o
 .ARM.attributes
                0x00000033       0x33 ..\obj\stm32f4xx_usart.o
 .ARM.attributes
                0x00000066       0x33 ..\obj\startup_stm32f4xx.o
 .ARM.attributes
                0x00000099       0x33 ..\obj\main.o
 .ARM.attributes
                0x000000cc       0x33 ..\obj\stm32f4xx_rcc.o
 .ARM.attributes
                0x000000ff       0x33 ..\obj\printf.o
 .ARM.attributes
                0x00000132       0x33 ..\obj\dht11.o
 .ARM.attributes
                0x00000165       0x33 ..\obj\stm32f4xx_gpio.o
 .ARM.attributes
                0x00000198       0x21 ..\obj\sh_cmd.o
 .ARM.attributes
                0x000001b9       0x33 ..\obj\system_stm32f4xx.o
 .ARM.attributes
                0x000001ec       0x33 ..\obj\misc.o
 .ARM.attributes
                0x0000021f       0x33 ..\obj\stm32f4xx_tim.o
 .ARM.attributes
                0x00000252       0x1c c:/program files (x86)/gnu tools arm embedded/5.4 2016q3/bin/../lib/gcc/arm-none-eabi/5.4.1/../../../../arm-none-eabi/lib/armv7e-m\libc.a(lib_a-strlen.o)

.debug_frame    0x00000000     0x23b0
 .debug_frame   0x00000000       0x7c ..\obj\semihosting.o
 .debug_frame   0x0000007c      0x490 ..\obj\stm32f4xx_usart.o
 .debug_frame   0x0000050c       0x4c ..\obj\startup_stm32f4xx.o
 .debug_frame   0x00000558      0x270 ..\obj\main.o
 .debug_frame   0x000007c8      0x6d4 ..\obj\stm32f4xx_rcc.o
 .debug_frame   0x00000e9c      0x2d8 ..\obj\printf.o
 .debug_frame   0x00001174       0x58 ..\obj\dht11.o
 .debug_frame   0x000011cc      0x23c ..\obj\stm32f4xx_gpio.o
 .debug_frame   0x00001408       0x7c ..\obj\system_stm32f4xx.o
 .debug_frame   0x00001484       0xd8 ..\obj\misc.o
 .debug_frame   0x0000155c      0xe54 ..\obj\stm32f4xx_tim.o
