Archive member included to satisfy reference by file (symbol)

c:/program files (x86)/gnu tools arm embedded/5.4 2016q3/bin/../lib/gcc/arm-none-eabi/5.4.1/../../../../arm-none-eabi/lib/armv7e-m\libc.a(lib_a-strlen.o)
                              ..\obj\main.o (strlen)

Allocating common symbols
Common symbol       size              file

dev                 0xc               ..\obj\main.o
tab_msg             0x400             ..\obj\main.o
tab_msg_size        0x4               ..\obj\main.o
discovery_channel   0x1               ..\obj\main.o
humidity            0x4               ..\obj\main.o
tabRes              0xa               ..\obj\main.o
temparature         0x4               ..\obj\main.o
msTicks             0x4               ..\obj\main.o
tabWifiBuffor       0x400             ..\obj\main.o

Discarded input sections

 .text          0x00000000        0x0 ..\obj\semihosting.o
 .data          0x00000000        0x0 ..\obj\semihosting.o
 .text.SH_SendString
                0x00000000       0x20 ..\obj\semihosting.o
 .text.SH_GetChar
                0x00000000       0x40 ..\obj\semihosting.o
 .text          0x00000000        0x0 ..\obj\stm32f4xx_syscfg.o
 .data          0x00000000        0x0 ..\obj\stm32f4xx_syscfg.o
 .bss           0x00000000        0x0 ..\obj\stm32f4xx_syscfg.o
 .text.SYSCFG_DeInit
                0x00000000       0x1c ..\obj\stm32f4xx_syscfg.o
 .text.SYSCFG_MemoryRemapConfig
                0x00000000       0x20 ..\obj\stm32f4xx_syscfg.o
 .text.SYSCFG_EXTILineConfig
                0x00000000       0x84 ..\obj\stm32f4xx_syscfg.o
 .text.SYSCFG_ETH_MediaInterfaceConfig
                0x00000000       0x1c ..\obj\stm32f4xx_syscfg.o
 .text.SYSCFG_CompensationCellCmd
                0x00000000       0x20 ..\obj\stm32f4xx_syscfg.o
 .text.SYSCFG_GetCompensationCellStatus
                0x00000000       0x30 ..\obj\stm32f4xx_syscfg.o
 .debug_info    0x00000000      0x274 ..\obj\stm32f4xx_syscfg.o
 .debug_abbrev  0x00000000      0x133 ..\obj\stm32f4xx_syscfg.o
 .debug_aranges
                0x00000000       0x48 ..\obj\stm32f4xx_syscfg.o
 .debug_ranges  0x00000000       0x38 ..\obj\stm32f4xx_syscfg.o
 .debug_line    0x00000000      0x22e ..\obj\stm32f4xx_syscfg.o
 .debug_str     0x00000000      0x2f5 ..\obj\stm32f4xx_syscfg.o
 .comment       0x00000000       0x6f ..\obj\stm32f4xx_syscfg.o
 .debug_frame   0x00000000       0xf4 ..\obj\stm32f4xx_syscfg.o
 .ARM.attributes
                0x00000000       0x33 ..\obj\stm32f4xx_syscfg.o
 .text          0x00000000        0x0 ..\obj\stm32f4xx_usart.o
 .data          0x00000000        0x0 ..\obj\stm32f4xx_usart.o
 .bss           0x00000000        0x0 ..\obj\stm32f4xx_usart.o
 .text.USART_DeInit
                0x00000000       0xd4 ..\obj\stm32f4xx_usart.o
 .text.USART_StructInit
                0x00000000       0x38 ..\obj\stm32f4xx_usart.o
 .text.USART_ClockInit
                0x00000000       0x54 ..\obj\stm32f4xx_usart.o
 .text.USART_ClockStructInit
                0x00000000       0x2c ..\obj\stm32f4xx_usart.o
 .text.USART_SetPrescaler
                0x00000000       0x38 ..\obj\stm32f4xx_usart.o
 .text.USART_OverSampling8Cmd
                0x00000000       0x44 ..\obj\stm32f4xx_usart.o
 .text.USART_OneBitMethodCmd
                0x00000000       0x40 ..\obj\stm32f4xx_usart.o
 .text.USART_ReceiveData
                0x00000000       0x20 ..\obj\stm32f4xx_usart.o
 .text.USART_SetAddress
                0x00000000       0x38 ..\obj\stm32f4xx_usart.o
 .text.USART_ReceiverWakeUpCmd
                0x00000000       0x40 ..\obj\stm32f4xx_usart.o
 .text.USART_WakeUpConfig
                0x00000000       0x38 ..\obj\stm32f4xx_usart.o
 .text.USART_LINBreakDetectLengthConfig
                0x00000000       0x38 ..\obj\stm32f4xx_usart.o
 .text.USART_LINCmd
                0x00000000       0x40 ..\obj\stm32f4xx_usart.o
 .text.USART_SendBreak
                0x00000000       0x24 ..\obj\stm32f4xx_usart.o
 .text.USART_HalfDuplexCmd
                0x00000000       0x40 ..\obj\stm32f4xx_usart.o
 .text.USART_SetGuardTime
                0x00000000       0x3c ..\obj\stm32f4xx_usart.o
 .text.USART_SmartCardCmd
                0x00000000       0x40 ..\obj\stm32f4xx_usart.o
 .text.USART_SmartCardNACKCmd
                0x00000000       0x40 ..\obj\stm32f4xx_usart.o
 .text.USART_IrDAConfig
                0x00000000       0x38 ..\obj\stm32f4xx_usart.o
 .text.USART_IrDACmd
                0x00000000       0x40 ..\obj\stm32f4xx_usart.o
 .text.USART_DMACmd
                0x00000000       0x48 ..\obj\stm32f4xx_usart.o
 .text.USART_GetFlagStatus
                0x00000000       0x38 ..\obj\stm32f4xx_usart.o
 .text.USART_ClearFlag
                0x00000000       0x20 ..\obj\stm32f4xx_usart.o
 .text.USART_ClearITPendingBit
                0x00000000       0x38 ..\obj\stm32f4xx_usart.o
 .text          0x00000000        0x0 ..\obj\startup_stm32f4xx.o
 .data          0x00000000        0x0 ..\obj\startup_stm32f4xx.o
 .bss           0x00000000        0x0 ..\obj\startup_stm32f4xx.o
 .text          0x00000000        0x0 ..\obj\main.o
 .text.connectWaspCenterNetwork
                0x00000000       0x48 ..\obj\main.o
 .text.startWaspWard
                0x00000000       0x5c ..\obj\main.o
 .text.StartConnectonWithWaspCenter
                0x00000000       0x68 ..\obj\main.o
 .text.CloseConnectonWithWaspCenter
                0x00000000       0x30 ..\obj\main.o
 .text.SendToWaspCenter
                0x00000000       0x68 ..\obj\main.o
 .text          0x00000000        0x0 ..\obj\stm32f4xx_rcc.o
 .bss           0x00000000        0x0 ..\obj\stm32f4xx_rcc.o
 .text.RCC_DeInit
                0x00000000       0x50 ..\obj\stm32f4xx_rcc.o
 .text.RCC_HSEConfig
                0x00000000       0x24 ..\obj\stm32f4xx_rcc.o
 .text.RCC_WaitForHSEStartUp
                0x00000000       0x50 ..\obj\stm32f4xx_rcc.o
 .text.RCC_AdjustHSICalibrationValue
                0x00000000       0x3c ..\obj\stm32f4xx_rcc.o
 .text.RCC_HSICmd
                0x00000000       0x20 ..\obj\stm32f4xx_rcc.o
 .text.RCC_LSEConfig
                0x00000000       0x40 ..\obj\stm32f4xx_rcc.o
 .text.RCC_LSICmd
                0x00000000       0x20 ..\obj\stm32f4xx_rcc.o
 .text.RCC_PLLConfig
                0x00000000       0x3c ..\obj\stm32f4xx_rcc.o
 .text.RCC_PLLCmd
                0x00000000       0x20 ..\obj\stm32f4xx_rcc.o
 .text.RCC_PLLI2SConfig
                0x00000000       0x28 ..\obj\stm32f4xx_rcc.o
 .text.RCC_PLLI2SCmd
                0x00000000       0x20 ..\obj\stm32f4xx_rcc.o
 .text.RCC_ClockSecuritySystemCmd
                0x00000000       0x20 ..\obj\stm32f4xx_rcc.o
 .text.RCC_MCO1Config
                0x00000000       0x3c ..\obj\stm32f4xx_rcc.o
 .text.RCC_MCO2Config
                0x00000000       0x3c ..\obj\stm32f4xx_rcc.o
 .text.RCC_SYSCLKConfig
                0x00000000       0x38 ..\obj\stm32f4xx_rcc.o
 .text.RCC_GetSYSCLKSource
                0x00000000       0x1c ..\obj\stm32f4xx_rcc.o
 .text.RCC_HCLKConfig
                0x00000000       0x38 ..\obj\stm32f4xx_rcc.o
 .text.RCC_PCLK1Config
                0x00000000       0x38 ..\obj\stm32f4xx_rcc.o
 .text.RCC_PCLK2Config
                0x00000000       0x38 ..\obj\stm32f4xx_rcc.o
 .text.RCC_RTCCLKConfig
                0x00000000       0x5c ..\obj\stm32f4xx_rcc.o
 .text.RCC_RTCCLKCmd
                0x00000000       0x20 ..\obj\stm32f4xx_rcc.o
 .text.RCC_BackupResetCmd
                0x00000000       0x20 ..\obj\stm32f4xx_rcc.o
 .text.RCC_I2SCLKConfig
                0x00000000       0x1c ..\obj\stm32f4xx_rcc.o
 .text.RCC_AHB2PeriphClockCmd
                0x00000000       0x3c ..\obj\stm32f4xx_rcc.o
 .text.RCC_AHB3PeriphClockCmd
                0x00000000       0x3c ..\obj\stm32f4xx_rcc.o
 .text.RCC_APB2PeriphClockCmd
                0x00000000       0x3c ..\obj\stm32f4xx_rcc.o
 .text.RCC_AHB1PeriphResetCmd
                0x00000000       0x3c ..\obj\stm32f4xx_rcc.o
 .text.RCC_AHB2PeriphResetCmd
                0x00000000       0x3c ..\obj\stm32f4xx_rcc.o
 .text.RCC_AHB3PeriphResetCmd
                0x00000000       0x3c ..\obj\stm32f4xx_rcc.o
 .text.RCC_APB1PeriphResetCmd
                0x00000000       0x3c ..\obj\stm32f4xx_rcc.o
 .text.RCC_APB2PeriphResetCmd
                0x00000000       0x3c ..\obj\stm32f4xx_rcc.o
 .text.RCC_AHB1PeriphClockLPModeCmd
                0x00000000       0x3c ..\obj\stm32f4xx_rcc.o
 .text.RCC_AHB2PeriphClockLPModeCmd
                0x00000000       0x3c ..\obj\stm32f4xx_rcc.o
 .text.RCC_AHB3PeriphClockLPModeCmd
                0x00000000       0x3c ..\obj\stm32f4xx_rcc.o
 .text.RCC_APB1PeriphClockLPModeCmd
                0x00000000       0x3c ..\obj\stm32f4xx_rcc.o
 .text.RCC_APB2PeriphClockLPModeCmd
                0x00000000       0x3c ..\obj\stm32f4xx_rcc.o
 .text.RCC_ITConfig
                0x00000000       0x4c ..\obj\stm32f4xx_rcc.o
 .text.RCC_GetFlagStatus
                0x00000000       0x74 ..\obj\stm32f4xx_rcc.o
 .text.RCC_ClearFlag
                0x00000000       0x1c ..\obj\stm32f4xx_rcc.o
 .text.RCC_GetITStatus
                0x00000000       0x34 ..\obj\stm32f4xx_rcc.o
 .text.RCC_ClearITPendingBit
                0x00000000       0x20 ..\obj\stm32f4xx_rcc.o
 .text          0x00000000        0x0 ..\obj\printf.o
 .bss           0x00000000        0x0 ..\obj\printf.o
 .text.snprintf
                0x00000000       0x30 ..\obj\printf.o
 .text.fprintf  0x00000000       0x2c ..\obj\printf.o
 .text          0x00000000        0x0 ..\obj\dht11.o
 .data          0x00000000        0x0 ..\obj\dht11.o
 .bss           0x00000000        0x0 ..\obj\dht11.o
 .text          0x00000000        0x0 ..\obj\stm32f4xx_gpio.o
 .data          0x00000000        0x0 ..\obj\stm32f4xx_gpio.o
 .bss           0x00000000        0x0 ..\obj\stm32f4xx_gpio.o
 .text.GPIO_DeInit
                0x00000000      0x120 ..\obj\stm32f4xx_gpio.o
 .text.GPIO_StructInit
                0x00000000       0x34 ..\obj\stm32f4xx_gpio.o
 .text.GPIO_PinLockConfig
                0x00000000       0x44 ..\obj\stm32f4xx_gpio.o
 .text.GPIO_ReadInputData
                0x00000000       0x18 ..\obj\stm32f4xx_gpio.o
 .text.GPIO_ReadOutputDataBit
                0x00000000       0x34 ..\obj\stm32f4xx_gpio.o
 .text.GPIO_ReadOutputData
                0x00000000       0x18 ..\obj\stm32f4xx_gpio.o
 .text.GPIO_WriteBit
                0x00000000       0x30 ..\obj\stm32f4xx_gpio.o
 .text.GPIO_Write
                0x00000000       0x1c ..\obj\stm32f4xx_gpio.o
 .data          0x00000000        0x0 ..\obj\sh_cmd.o
 .bss           0x00000000        0x0 ..\obj\sh_cmd.o
 .text          0x00000000        0x0 ..\obj\system_stm32f4xx.o
 .bss           0x00000000        0x0 ..\obj\system_stm32f4xx.o
 .text          0x00000000        0x0 ..\obj\stm32f4xx_exti.o
 .data          0x00000000        0x0 ..\obj\stm32f4xx_exti.o
 .bss           0x00000000        0x0 ..\obj\stm32f4xx_exti.o
 .text.EXTI_DeInit
                0x00000000       0x34 ..\obj\stm32f4xx_exti.o
 .text.EXTI_Init
                0x00000000       0xe4 ..\obj\stm32f4xx_exti.o
 .text.EXTI_StructInit
                0x00000000       0x2c ..\obj\stm32f4xx_exti.o
 .text.EXTI_GenerateSWInterrupt
                0x00000000       0x24 ..\obj\stm32f4xx_exti.o
 .text.EXTI_GetFlagStatus
                0x00000000       0x34 ..\obj\stm32f4xx_exti.o
 .text.EXTI_ClearFlag
                0x00000000       0x1c ..\obj\stm32f4xx_exti.o
 .text.EXTI_GetITStatus
                0x00000000       0x48 ..\obj\stm32f4xx_exti.o
 .text.EXTI_ClearITPendingBit
                0x00000000       0x1c ..\obj\stm32f4xx_exti.o
 .debug_info    0x00000000      0x357 ..\obj\stm32f4xx_exti.o
 .debug_abbrev  0x00000000      0x1a9 ..\obj\stm32f4xx_exti.o
 .debug_aranges
                0x00000000       0x58 ..\obj\stm32f4xx_exti.o
 .debug_ranges  0x00000000       0x48 ..\obj\stm32f4xx_exti.o
 .debug_line    0x00000000      0x2c5 ..\obj\stm32f4xx_exti.o
 .debug_str     0x00000000      0x35a ..\obj\stm32f4xx_exti.o
 .comment       0x00000000       0x6f ..\obj\stm32f4xx_exti.o
 .debug_frame   0x00000000      0x148 ..\obj\stm32f4xx_exti.o
 .ARM.attributes
                0x00000000       0x33 ..\obj\stm32f4xx_exti.o
 .text          0x00000000        0x0 ..\obj\misc.o
 .data          0x00000000        0x0 ..\obj\misc.o
 .bss           0x00000000        0x0 ..\obj\misc.o
 .text.NVIC_SetVectorTable
                0x00000000       0x2c ..\obj\misc.o
 .text.NVIC_SystemLPConfig
                0x00000000       0x40 ..\obj\misc.o
 .text.SysTick_CLKSourceConfig
                0x00000000       0x38 ..\obj\misc.o
 .text          0x00000000        0x0 ..\obj\stm32f4xx_tim.o
 .data          0x00000000        0x0 ..\obj\stm32f4xx_tim.o
 .bss           0x00000000        0x0 ..\obj\stm32f4xx_tim.o
 .text.TIM_DeInit
                0x00000000      0x1c0 ..\obj\stm32f4xx_tim.o
 .text.TIM_TimeBaseStructInit
                0x00000000       0x34 ..\obj\stm32f4xx_tim.o
 .text.TIM_PrescalerConfig
                0x00000000       0x28 ..\obj\stm32f4xx_tim.o
 .text.TIM_CounterModeConfig
                0x00000000       0x38 ..\obj\stm32f4xx_tim.o
 .text.TIM_SetAutoreload
                0x00000000       0x1c ..\obj\stm32f4xx_tim.o
 .text.TIM_GetPrescaler
                0x00000000       0x18 ..\obj\stm32f4xx_tim.o
 .text.TIM_UpdateDisableConfig
                0x00000000       0x40 ..\obj\stm32f4xx_tim.o
 .text.TIM_UpdateRequestConfig
                0x00000000       0x40 ..\obj\stm32f4xx_tim.o
 .text.TIM_ARRPreloadConfig
                0x00000000       0x40 ..\obj\stm32f4xx_tim.o
 .text.TIM_SelectOnePulseMode
                0x00000000       0x38 ..\obj\stm32f4xx_tim.o
 .text.TIM_SetClockDivision
                0x00000000       0x38 ..\obj\stm32f4xx_tim.o
 .text.TIM_OC1Init
                0x00000000       0xf4 ..\obj\stm32f4xx_tim.o
 .text.TIM_OC2Init
                0x00000000      0x110 ..\obj\stm32f4xx_tim.o
 .text.TIM_OC3Init
                0x00000000      0x10c ..\obj\stm32f4xx_tim.o
 .text.TIM_OC4Init
                0x00000000       0xcc ..\obj\stm32f4xx_tim.o
 .text.TIM_OCStructInit
                0x00000000       0x44 ..\obj\stm32f4xx_tim.o
 .text.TIM_SelectOCxM
                0x00000000       0xb0 ..\obj\stm32f4xx_tim.o
 .text.TIM_SetCompare1
                0x00000000       0x1c ..\obj\stm32f4xx_tim.o
 .text.TIM_SetCompare2
                0x00000000       0x1c ..\obj\stm32f4xx_tim.o
 .text.TIM_SetCompare3
                0x00000000       0x1c ..\obj\stm32f4xx_tim.o
 .text.TIM_SetCompare4
                0x00000000       0x1c ..\obj\stm32f4xx_tim.o
 .text.TIM_ForcedOC1Config
                0x00000000       0x38 ..\obj\stm32f4xx_tim.o
 .text.TIM_ForcedOC2Config
                0x00000000       0x3c ..\obj\stm32f4xx_tim.o
 .text.TIM_ForcedOC3Config
                0x00000000       0x38 ..\obj\stm32f4xx_tim.o
 .text.TIM_ForcedOC4Config
                0x00000000       0x3c ..\obj\stm32f4xx_tim.o
 .text.TIM_OC1PreloadConfig
                0x00000000       0x38 ..\obj\stm32f4xx_tim.o
 .text.TIM_OC2PreloadConfig
                0x00000000       0x3c ..\obj\stm32f4xx_tim.o
 .text.TIM_OC3PreloadConfig
                0x00000000       0x38 ..\obj\stm32f4xx_tim.o
 .text.TIM_OC4PreloadConfig
                0x00000000       0x3c ..\obj\stm32f4xx_tim.o
 .text.TIM_OC1FastConfig
                0x00000000       0x38 ..\obj\stm32f4xx_tim.o
 .text.TIM_OC2FastConfig
                0x00000000       0x3c ..\obj\stm32f4xx_tim.o
 .text.TIM_OC3FastConfig
                0x00000000       0x38 ..\obj\stm32f4xx_tim.o
 .text.TIM_OC4FastConfig
                0x00000000       0x3c ..\obj\stm32f4xx_tim.o
 .text.TIM_ClearOC1Ref
                0x00000000       0x38 ..\obj\stm32f4xx_tim.o
 .text.TIM_ClearOC2Ref
                0x00000000       0x3c ..\obj\stm32f4xx_tim.o
 .text.TIM_ClearOC3Ref
                0x00000000       0x38 ..\obj\stm32f4xx_tim.o
 .text.TIM_ClearOC4Ref
                0x00000000       0x3c ..\obj\stm32f4xx_tim.o
 .text.TIM_OC1PolarityConfig
                0x00000000       0x38 ..\obj\stm32f4xx_tim.o
 .text.TIM_OC1NPolarityConfig
                0x00000000       0x38 ..\obj\stm32f4xx_tim.o
 .text.TIM_OC2PolarityConfig
                0x00000000       0x3c ..\obj\stm32f4xx_tim.o
 .text.TIM_OC2NPolarityConfig
                0x00000000       0x3c ..\obj\stm32f4xx_tim.o
 .text.TIM_OC3PolarityConfig
                0x00000000       0x3c ..\obj\stm32f4xx_tim.o
 .text.TIM_OC3NPolarityConfig
                0x00000000       0x3c ..\obj\stm32f4xx_tim.o
 .text.TIM_OC4PolarityConfig
                0x00000000       0x3c ..\obj\stm32f4xx_tim.o
 .text.TIM_CCxCmd
                0x00000000       0x54 ..\obj\stm32f4xx_tim.o
 .text.TIM_CCxNCmd
                0x00000000       0x54 ..\obj\stm32f4xx_tim.o
 .text.TIM_ICInit
                0x00000000       0xa8 ..\obj\stm32f4xx_tim.o
 .text.TIM_ICStructInit
                0x00000000       0x30 ..\obj\stm32f4xx_tim.o
 .text.TIM_PWMIConfig
                0x00000000       0xb8 ..\obj\stm32f4xx_tim.o
 .text.TIM_GetCapture1
                0x00000000       0x18 ..\obj\stm32f4xx_tim.o
 .text.TIM_GetCapture2
                0x00000000       0x18 ..\obj\stm32f4xx_tim.o
 .text.TIM_GetCapture3
                0x00000000       0x18 ..\obj\stm32f4xx_tim.o
 .text.TIM_GetCapture4
                0x00000000       0x18 ..\obj\stm32f4xx_tim.o
 .text.TIM_SetIC1Prescaler
                0x00000000       0x38 ..\obj\stm32f4xx_tim.o
 .text.TIM_SetIC2Prescaler
                0x00000000       0x3c ..\obj\stm32f4xx_tim.o
 .text.TIM_SetIC3Prescaler
                0x00000000       0x38 ..\obj\stm32f4xx_tim.o
 .text.TIM_SetIC4Prescaler
                0x00000000       0x3c ..\obj\stm32f4xx_tim.o
 .text.TIM_BDTRConfig
                0x00000000       0x50 ..\obj\stm32f4xx_tim.o
 .text.TIM_BDTRStructInit
                0x00000000       0x3c ..\obj\stm32f4xx_tim.o
 .text.TIM_CtrlPWMOutputs
                0x00000000       0x4c ..\obj\stm32f4xx_tim.o
 .text.TIM_SelectCOM
                0x00000000       0x40 ..\obj\stm32f4xx_tim.o
 .text.TIM_CCPreloadControl
                0x00000000       0x40 ..\obj\stm32f4xx_tim.o
 .text.TIM_ITConfig
                0x00000000       0x48 ..\obj\stm32f4xx_tim.o
 .text.TIM_GenerateEvent
                0x00000000       0x1c ..\obj\stm32f4xx_tim.o
 .text.TIM_GetFlagStatus
                0x00000000       0x38 ..\obj\stm32f4xx_tim.o
 .text.TIM_ClearFlag
                0x00000000       0x20 ..\obj\stm32f4xx_tim.o
 .text.TIM_GetITStatus
                0x00000000       0x54 ..\obj\stm32f4xx_tim.o
 .text.TIM_ClearITPendingBit
                0x00000000       0x20 ..\obj\stm32f4xx_tim.o
 .text.TIM_DMAConfig
                0x00000000       0x28 ..\obj\stm32f4xx_tim.o
 .text.TIM_DMACmd
                0x00000000       0x48 ..\obj\stm32f4xx_tim.o
 .text.TIM_SelectCCDMA
                0x00000000       0x40 ..\obj\stm32f4xx_tim.o
 .text.TIM_InternalClockConfig
                0x00000000       0x24 ..\obj\stm32f4xx_tim.o
 .text.TIM_ITRxExternalClockConfig
                0x00000000       0x30 ..\obj\stm32f4xx_tim.o
 .text.TIM_TIxExternalClockConfig
                0x00000000       0x5c ..\obj\stm32f4xx_tim.o
 .text.TIM_ETRClockMode1Config
                0x00000000       0x60 ..\obj\stm32f4xx_tim.o
 .text.TIM_ETRClockMode2Config
                0x00000000       0x40 ..\obj\stm32f4xx_tim.o
 .text.TIM_SelectInputTrigger
                0x00000000       0x38 ..\obj\stm32f4xx_tim.o
 .text.TIM_SelectOutputTrigger
                0x00000000       0x38 ..\obj\stm32f4xx_tim.o
 .text.TIM_SelectSlaveMode
                0x00000000       0x38 ..\obj\stm32f4xx_tim.o
 .text.TIM_SelectMasterSlaveMode
                0x00000000       0x38 ..\obj\stm32f4xx_tim.o
 .text.TIM_ETRConfig
                0x00000000       0x54 ..\obj\stm32f4xx_tim.o
 .text.TIM_EncoderInterfaceConfig
                0x00000000       0x98 ..\obj\stm32f4xx_tim.o
 .text.TIM_SelectHallSensor
                0x00000000       0x40 ..\obj\stm32f4xx_tim.o
 .text.TIM_RemapConfig
                0x00000000       0x20 ..\obj\stm32f4xx_tim.o
 .text.TI1_Config
                0x00000000       0x84 ..\obj\stm32f4xx_tim.o
 .text.TI2_Config
                0x00000000       0x98 ..\obj\stm32f4xx_tim.o
 .text.TI3_Config
                0x00000000       0x90 ..\obj\stm32f4xx_tim.o
 .text.TI4_Config
                0x00000000       0x9c ..\obj\stm32f4xx_tim.o
 .data          0x00000000        0x0 c:/program files (x86)/gnu tools arm embedded/5.4 2016q3/bin/../lib/gcc/arm-none-eabi/5.4.1/../../../../arm-none-eabi/lib/armv7e-m\libc.a(lib_a-strlen.o)
 .bss           0x00000000        0x0 c:/program files (x86)/gnu tools arm embedded/5.4 2016q3/bin/../lib/gcc/arm-none-eabi/5.4.1/../../../../arm-none-eabi/lib/armv7e-m\libc.a(lib_a-strlen.o)

Memory Configuration

Name             Origin             Length             Attributes
rom              0x08000000         0x00100000         xr
ram              0x20000000         0x00020000         xrw
ram1             0x10000000         0x00010000         xrw
*default*        0x00000000         0xffffffff

Linker script and memory map

                0x20020000                _eram = 0x20020000

.text           0x08000000     0x2098
 *(.isr_vector)
 .isr_vector    0x08000000      0x188 ..\obj\startup_stm32f4xx.o
                0x08000000                g_pfnVectors
 *(.text*)
 .text.SH_SendChar
                0x08000188       0x64 ..\obj\semihosting.o
                0x08000188                SH_SendChar
 .text.USART_Init
                0x080001ec      0x174 ..\obj\stm32f4xx_usart.o
                0x080001ec                USART_Init
 .text.USART_Cmd
                0x08000360       0x40 ..\obj\stm32f4xx_usart.o
                0x08000360                USART_Cmd
 .text.USART_SendData
                0x080003a0       0x24 ..\obj\stm32f4xx_usart.o
                0x080003a0                USART_SendData
 .text.USART_ITConfig
                0x080003c4       0x90 ..\obj\stm32f4xx_usart.o
                0x080003c4                USART_ITConfig
 .text.USART_GetITStatus
                0x08000454       0xb4 ..\obj\stm32f4xx_usart.o
                0x08000454                USART_GetITStatus
 .text.Default_Reset_Handler
                0x08000508       0x5c ..\obj\startup_stm32f4xx.o
                0x08000508                Default_Reset_Handler
                0x08000508                Reset_Handler
 .text.Default_Handler
                0x08000564        0x8 ..\obj\startup_stm32f4xx.o
                0x08000564                RTC_Alarm_IRQHandler
                0x08000564                HASH_RNG_IRQHandler
                0x08000564                EXTI2_IRQHandler
                0x08000564                TIM8_CC_IRQHandler
                0x08000564                DebugMon_Handler
                0x08000564                TIM1_CC_IRQHandler
                0x08000564                DMA2_Stream5_IRQHandler
                0x08000564                DMA1_Stream5_IRQHandler
                0x08000564                PVD_IRQHandler
                0x08000564                SDIO_IRQHandler
                0x08000564                TAMP_STAMP_IRQHandler
                0x08000564                PendSV_Handler
                0x08000564                NMI_Handler
                0x08000564                CAN2_RX1_IRQHandler
                0x08000564                EXTI3_IRQHandler
                0x08000564                TIM8_TRG_COM_TIM14_IRQHandler
                0x08000564                TIM1_UP_TIM10_IRQHandler
                0x08000564                TIM8_UP_TIM13_IRQHandler
                0x08000564                I2C3_ER_IRQHandler
                0x08000564                EXTI0_IRQHandler
                0x08000564                I2C2_EV_IRQHandler
                0x08000564                DMA1_Stream2_IRQHandler
                0x08000564                CAN1_RX0_IRQHandler
                0x08000564                FPU_IRQHandler
                0x08000564                OTG_HS_WKUP_IRQHandler
                0x08000564                UsageFault_Handler
                0x08000564                CAN2_SCE_IRQHandler
                0x08000564                DMA2_Stream2_IRQHandler
                0x08000564                SPI1_IRQHandler
                0x08000564                TIM6_DAC_IRQHandler
                0x08000564                TIM1_BRK_TIM9_IRQHandler
                0x08000564                DCMI_IRQHandler
                0x08000564                CAN2_RX0_IRQHandler
                0x08000564                DMA2_Stream3_IRQHandler
                0x08000564                USART6_IRQHandler
                0x08000564                CRYP_IRQHandler
                0x08000564                CAN1_RX1_IRQHandler
                0x08000564                UART5_IRQHandler
                0x08000564                DMA2_Stream0_IRQHandler
                0x08000564                TIM4_IRQHandler
                0x08000564                I2C1_EV_IRQHandler
                0x08000564                DMA1_Stream6_IRQHandler
                0x08000564                DMA1_Stream1_IRQHandler
                0x08000564                UART4_IRQHandler
                0x08000564                TIM3_IRQHandler
                0x08000564                RCC_IRQHandler
                0x08000564                TIM8_BRK_TIM12_IRQHandler
                0x08000564                EXTI15_10_IRQHandler
                0x08000564                ADC_IRQHandler
                0x08000564                DMA1_Stream7_IRQHandler
                0x08000564                TIM7_IRQHandler
                0x08000564                CAN2_TX_IRQHandler
                0x08000564                TIM5_IRQHandler
                0x08000564                DMA2_Stream7_IRQHandler
                0x08000564                I2C3_EV_IRQHandler
                0x08000564                EXTI9_5_IRQHandler
                0x08000564                RTC_WKUP_IRQHandler
                0x08000564                ETH_WKUP_IRQHandler
                0x08000564                SPI2_IRQHandler
                0x08000564                OTG_HS_EP1_IN_IRQHandler
                0x08000564                MemManage_Handler
                0x08000564                DMA1_Stream0_IRQHandler
                0x08000564                CAN1_TX_IRQHandler
                0x08000564                SVC_Handler
                0x08000564                EXTI4_IRQHandler
                0x08000564                FSMC_IRQHandler
                0x08000564                ETH_IRQHandler
                0x08000564                OTG_HS_EP1_OUT_IRQHandler
                0x08000564                WWDG_IRQHandler
                0x08000564                TIM2_IRQHandler
                0x08000564                OTG_FS_WKUP_IRQHandler
                0x08000564                TIM1_TRG_COM_TIM11_IRQHandler
                0x08000564                OTG_HS_IRQHandler
                0x08000564                EXTI1_IRQHandler
                0x08000564                USART2_IRQHandler
                0x08000564                I2C2_ER_IRQHandler
                0x08000564                DMA2_Stream1_IRQHandler
                0x08000564                CAN1_SCE_IRQHandler
                0x08000564                FLASH_IRQHandler
                0x08000564                DMA2_Stream4_IRQHandler
                0x08000564                BusFault_Handler
                0x08000564                USART1_IRQHandler
                0x08000564                OTG_FS_IRQHandler
                0x08000564                SPI3_IRQHandler
                0x08000564                DMA1_Stream4_IRQHandler
                0x08000564                I2C1_ER_IRQHandler
                0x08000564                DMA2_Stream6_IRQHandler
                0x08000564                DMA1_Stream3_IRQHandler
 .text.NVIC_EnableIRQ
                0x0800056c       0x30 ..\obj\main.o
 .text.NVIC_SetPriority
                0x0800059c       0x54 ..\obj\main.o
 .text.SysTick_Config
                0x080005f0       0x44 ..\obj\main.o
 .text.SysTick_Handler
                0x08000634       0x1c ..\obj\main.o
                0x08000634                SysTick_Handler
 .text.printfMagicTable
                0x08000650       0x40 ..\obj\main.o
                0x08000650                printfMagicTable
 .text.main     0x08000690       0xac ..\obj\main.o
                0x08000690                main
 .text.LedInit  0x0800073c       0x3c ..\obj\main.o
                0x0800073c                LedInit
 .text.Delay_us
                0x08000778       0x2c ..\obj\main.o
                0x08000778                Delay_us
 .text.startHotspot
                0x080007a4       0xd0 ..\obj\main.o
                0x080007a4                startHotspot
 .text.USART3Init
                0x08000874       0xc0 ..\obj\main.o
                0x08000874                USART3Init
 .text.USART3_IRQHandler
                0x08000934      0x18c ..\obj\main.o
                0x08000934                USART3_IRQHandler
 .text.USART_Send
                0x08000ac0       0x60 ..\obj\main.o
                0x08000ac0                USART_Send
 .text.SendToClient
                0x08000b20       0x6c ..\obj\main.o
                0x08000b20                SendToClient
 .text.getTemparatureAndHumidity
                0x08000b8c       0x5c ..\obj\main.o
                0x08000b8c                getTemparatureAndHumidity
 .text.RCC_GetClocksFreq
                0x08000be8      0x154 ..\obj\stm32f4xx_rcc.o
                0x08000be8                RCC_GetClocksFreq
 .text.RCC_AHB1PeriphClockCmd
                0x08000d3c       0x3c ..\obj\stm32f4xx_rcc.o
                0x08000d3c                RCC_AHB1PeriphClockCmd
 .text.RCC_APB1PeriphClockCmd
                0x08000d78       0x3c ..\obj\stm32f4xx_rcc.o
                0x08000d78                RCC_APB1PeriphClockCmd
 .text.PrintChar
                0x08000db4       0x1c ..\obj\printf.o
                0x08000db4                PrintChar
 .text.PutChar  0x08000dd0       0x20 ..\obj\printf.o
                0x08000dd0                PutChar
 .text.PutString
                0x08000df0       0x3c ..\obj\printf.o
                0x08000df0                PutString
 .text.PutUnsignedInt
                0x08000e2c       0x9c ..\obj\printf.o
                0x08000e2c                PutUnsignedInt
 .text.PutSignedInt
                0x08000ec8       0xf8 ..\obj\printf.o
                0x08000ec8                PutSignedInt
 .text.PutHexa  0x08000fc0       0xd4 ..\obj\printf.o
                0x08000fc0                PutHexa
 .text.vsnprintf
                0x08001094      0x254 ..\obj\printf.o
                0x08001094                vsnprintf
 .text.vsprintf
                0x080012e8       0x24 ..\obj\printf.o
                0x080012e8                vsprintf
 .text.vfprintf
                0x0800130c       0x80 ..\obj\printf.o
                0x0800130c                vfprintf
 .text.vprintf  0x0800138c       0x28 ..\obj\printf.o
                0x0800138c                vprintf
 .text.printf   0x080013b4       0x28 ..\obj\printf.o
                0x080013b4                printf
 .text.sprintf  0x080013dc       0x2c ..\obj\printf.o
                0x080013dc                sprintf
 .text.puts     0x08001408       0x24 ..\obj\printf.o
                0x08001408                puts
 .text.fputc    0x0800142c       0x40 ..\obj\printf.o
                0x0800142c                fputc
 .text.fputs    0x0800146c       0x48 ..\obj\printf.o
                0x0800146c                fputs
 .text.DHT11_init
                0x080014b4       0x78 ..\obj\dht11.o
                0x080014b4                DHT11_init
 .text.DHT11_read
                0x0800152c      0x1c8 ..\obj\dht11.o
                0x0800152c                DHT11_read
 .text.GPIO_Init
                0x080016f4      0x11c ..\obj\stm32f4xx_gpio.o
                0x080016f4                GPIO_Init
 .text.GPIO_ReadInputDataBit
                0x08001810       0x34 ..\obj\stm32f4xx_gpio.o
                0x08001810                GPIO_ReadInputDataBit
 .text.GPIO_SetBits
                0x08001844       0x1c ..\obj\stm32f4xx_gpio.o
                0x08001844                GPIO_SetBits
 .text.GPIO_ResetBits
                0x08001860       0x1c ..\obj\stm32f4xx_gpio.o
                0x08001860                GPIO_ResetBits
 .text.GPIO_ToggleBits
                0x0800187c       0x24 ..\obj\stm32f4xx_gpio.o
                0x0800187c                GPIO_ToggleBits
 .text.GPIO_PinAFConfig
                0x080018a0       0x90 ..\obj\stm32f4xx_gpio.o
                0x080018a0                GPIO_PinAFConfig
 .text          0x08001930       0x26 ..\obj\sh_cmd.o
                0x08001930                SH_DoCommand
                0x08001942                HardFault_Handler
 *fill*         0x08001956        0x2 
 .text.SystemInit
                0x08001958       0x5c ..\obj\system_stm32f4xx.o
                0x08001958                SystemInit
 .text.SystemCoreClockUpdate
                0x080019b4       0xf8 ..\obj\system_stm32f4xx.o
                0x080019b4                SystemCoreClockUpdate
 .text.SetSysClock
                0x08001aac       0xf4 ..\obj\system_stm32f4xx.o
 .text.NVIC_PriorityGroupConfig
                0x08001ba0       0x24 ..\obj\misc.o
                0x08001ba0                NVIC_PriorityGroupConfig
 .text.NVIC_Init
                0x08001bc4       0xc0 ..\obj\misc.o
                0x08001bc4                NVIC_Init
 .text.TIM_TimeBaseInit
                0x08001c84       0xd4 ..\obj\stm32f4xx_tim.o
                0x08001c84                TIM_TimeBaseInit
 .text.TIM_SetCounter
                0x08001d58       0x1c ..\obj\stm32f4xx_tim.o
                0x08001d58                TIM_SetCounter
 .text.TIM_GetCounter
                0x08001d74       0x18 ..\obj\stm32f4xx_tim.o
                0x08001d74                TIM_GetCounter
 .text.TIM_Cmd  0x08001d8c       0x40 ..\obj\stm32f4xx_tim.o
                0x08001d8c                TIM_Cmd
 *fill*         0x08001dcc       0x34 
 .text          0x08001e00       0xdc c:/program files (x86)/gnu tools arm embedded/5.4 2016q3/bin/../lib/gcc/arm-none-eabi/5.4.1/../../../../arm-none-eabi/lib/armv7e-m\libc.a(lib_a-strlen.o)
                0x08001e00                strlen
 *(.init)
 *(.fini)
 *crtbegin.o(.ctors)
 *crtbegin?.o(.ctors)
 *(EXCLUDE_FILE(*crtend.o *crtend?.o) .ctors)
 *(SORT(.ctors.*))
 *(.ctors)
 *crtbegin.o(.dtors)
 *crtbegin?.o(.dtors)
 *(EXCLUDE_FILE(*crtend.o *crtend?.o) .dtors)
 *(SORT(.dtors.*))
 *(.dtors)
 *(.rodata*)
 .rodata        0x08001edc      0x198 ..\obj\main.o
                0x08001edc                SIZE_WIFI_BUFFOR
                0x08001ee0                SIZE_MSG
                0x08001f04                PORT
                0x08001f40                PORT_WASPCENTER_SERVER
                0x08001f44                SIZE_TABRES
 .rodata        0x08002074       0x24 ..\obj\printf.o
 *(.eh_fram e*)

.glue_7         0x08002098        0x0
 .glue_7        0x08002098        0x0 linker stubs

.glue_7t        0x08002098        0x0
 .glue_7t       0x08002098        0x0 linker stubs

.vfp11_veneer   0x08002098        0x0
 .vfp11_veneer  0x08002098        0x0 linker stubs

.v4_bx          0x08002098        0x0
 .v4_bx         0x08002098        0x0 linker stubs

.iplt           0x08002098        0x0
 .iplt          0x08002098        0x0 ..\obj\semihosting.o

.rel.dyn        0x08002098        0x0
 .rel.iplt      0x08002098        0x0 ..\obj\semihosting.o

.ARM.extab
 *(.ARM.extab* .gnu.linkonce.armextab.*)
                0x08002098                __exidx_start = .

.ARM.exidx
 *(.ARM.exidx* .gnu.linkonce.armexidx.*)
                0x08002098                __exidx_end = .
                0x08002098                __etext = .
                0x08002098                _sidata = __etext

.data           0x20000000      0x478 load address 0x08002098
                0x20000000                __data_start__ = .
                0x20000000                _sdata = __data_start__
 *(vtable)
 *(.data*)
 .data          0x20000000       0x24 ..\obj\main.o
                0x20000000                channel
                0x20000004                msg_size
                0x20000008                WARD_HOTSPOT_NAME
                0x2000000c                WARD_PASSWORD_NAME
                0x20000010                HTML_SITE
                0x20000014                NAME
                0x20000018                NAME_WASPCENTER_AP
                0x2000001c                PASSWORD_WASPCENTER_AP
                0x20000020                IP_WASPCENTER_SERVER
 .data          0x20000024       0x10 ..\obj\stm32f4xx_rcc.o
 *fill*         0x20000034        0x4 
 .data          0x20000038      0x42c ..\obj\printf.o
                0x20000038                r
                0x20000460                _impure_ptr
 .data          0x20000464       0x14 ..\obj\system_stm32f4xx.o
                0x20000464                SystemCoreClock
                0x20000468                AHBPrescTable
                0x20000478                . = ALIGN (0x4)
                [!provide]                PROVIDE (__preinit_array_start, .)
 *(.preinit_array)
                [!provide]                PROVIDE (__preinit_array_end, .)
                0x20000478                . = ALIGN (0x4)
                [!provide]                PROVIDE (__init_array_start, .)
 *(SORT(.init_array.*))
 *(.init_array)
                [!provide]                PROVIDE (__init_array_end, .)
                0x20000478                . = ALIGN (0x4)
                [!provide]                PROVIDE (__fini_array_start, .)
 *(SORT(.fini_array.*))
 *(.fini_array)
                [!provide]                PROVIDE (__fini_array_end, .)
 *(.jcr*)
                0x20000478                . = ALIGN (0x4)
                0x20000478                __data_end__ = .
                0x20000478                _edata = __data_end__

.igot.plt       0x20000478        0x0 load address 0x08002510
 .igot.plt      0x20000478        0x0 ..\obj\semihosting.o

.bss            0x20000478      0x854 load address 0x08002510
                0x20000478                . = ALIGN (0x4)
                0x20000478                __bss_start__ = .
                0x20000478                _sbss = __bss_start__
 *(.bss*)
 .bss           0x20000478       0x11 ..\obj\semihosting.o
 *fill*         0x20000489        0x3 
 .bss           0x2000048c       0x14 ..\obj\main.o
                0x2000048c                read
                0x20000490                read_channel
                0x20000494                read_msg_size
                0x20000498                read_msg
                0x2000049c                new_msg
 *(COMMON)
 COMMON         0x200004a0      0x82c ..\obj\main.o
                0x200004a0                dev
                0x200004ac                tab_msg
                0x200008ac                tab_msg_size
                0x200008b0                discovery_channel
                0x200008b4                humidity
                0x200008b8                tabRes
                0x200008c4                temparature
                0x200008c8                msTicks
                0x200008cc                tabWifiBuffor
                0x20000ccc                . = ALIGN (0x4)
                0x20000ccc                __bss_end__ = .
                0x20000ccc                _ebss = __bss_end__

.heap           0x20000ccc        0x0
                0x20000ccc                __end__ = .
                0x20000ccc                _end = __end__
                0x20000ccc                end = __end__
 *(.heap*)
                0x20000ccc                __HeapLimit = .

.co_stack       0x20000ccc      0x804 load address 0x08002d64
                0x20000cd0                . = ALIGN (0x8)
 *fill*         0x20000ccc        0x4 
 *(.co_stack .co_stack.*)
 .co_stack      0x20000cd0      0x800 ..\obj\startup_stm32f4xx.o
                0x20000cd0                pulStack
                0x20020000                __StackTop = (ORIGIN (ram) + LENGTH (ram))
                0x2001f7fc                __StackLimit = (__StackTop - SIZEOF (.co_stack))
                [!provide]                PROVIDE (__stack, __StackTop)
                0x00000001                ASSERT ((__StackLimit >= __HeapLimit), region ram  overflowed with stack)
LOAD ..\obj\semihosting.o
LOAD ..\obj\stm32f4xx_syscfg.o
LOAD ..\obj\stm32f4xx_usart.o
LOAD ..\obj\startup_stm32f4xx.o
LOAD ..\obj\main.o
LOAD ..\obj\stm32f4xx_rcc.o
LOAD ..\obj\printf.o
LOAD ..\obj\dht11.o
LOAD ..\obj\stm32f4xx_gpio.o
LOAD ..\obj\sh_cmd.o
LOAD ..\obj\system_stm32f4xx.o
LOAD ..\obj\stm32f4xx_exti.o
LOAD ..\obj\misc.o
LOAD ..\obj\stm32f4xx_tim.o
LOAD c:/program files (x86)/gnu tools arm embedded/5.4 2016q3/bin/../lib/gcc/arm-none-eabi/5.4.1/../../../../arm-none-eabi/lib/armv7e-m\libm.a
LOAD c:/program files (x86)/gnu tools arm embedded/5.4 2016q3/bin/../lib/gcc/arm-none-eabi/5.4.1/armv7e-m\libgcc.a
LOAD c:/program files (x86)/gnu tools arm embedded/5.4 2016q3/bin/../lib/gcc/arm-none-eabi/5.4.1/../../../../arm-none-eabi/lib/armv7e-m\libc.a
LOAD c:/program files (x86)/gnu tools arm embedded/5.4 2016q3/bin/../lib/gcc/arm-none-eabi/5.4.1/../../../../arm-none-eabi/lib/armv7e-m\librdimon.a
START GROUP
LOAD c:/program files (x86)/gnu tools arm embedded/5.4 2016q3/bin/../lib/gcc/arm-none-eabi/5.4.1/armv7e-m\libgcc.a
LOAD c:/program files (x86)/gnu tools arm embedded/5.4 2016q3/bin/../lib/gcc/arm-none-eabi/5.4.1/../../../../arm-none-eabi/lib/armv7e-m\libg.a
LOAD c:/program files (x86)/gnu tools arm embedded/5.4 2016q3/bin/../lib/gcc/arm-none-eabi/5.4.1/../../../../arm-none-eabi/lib/armv7e-m\libc.a
END GROUP
OUTPUT(WaspHouse-Ward.elf elf32-littlearm)

.debug_info     0x00000000     0x6bef
 .debug_info    0x00000000      0x136 ..\obj\semihosting.o
 .debug_info    0x00000136      0x9ca ..\obj\stm32f4xx_usart.o
 .debug_info    0x00000b00       0xf2 ..\obj\startup_stm32f4xx.o
 .debug_info    0x00000bf2     0x1107 ..\obj\main.o
 .debug_info    0x00001cf9      0xc63 ..\obj\stm32f4xx_rcc.o
 .debug_info    0x0000295c      0xe4b ..\obj\printf.o
 .debug_info    0x000037a7      0x602 ..\obj\dht11.o
 .debug_info    0x00003da9      0x61a ..\obj\stm32f4xx_gpio.o
 .debug_info    0x000043c3       0xa8 ..\obj\sh_cmd.o
 .debug_info    0x0000446b      0x5c5 ..\obj\system_stm32f4xx.o
 .debug_info    0x00004a30      0x556 ..\obj\misc.o
 .debug_info    0x00004f86     0x1c69 ..\obj\stm32f4xx_tim.o

.debug_abbrev   0x00000000     0x11a4
 .debug_abbrev  0x00000000       0xad ..\obj\semihosting.o
 .debug_abbrev  0x000000ad      0x157 ..\obj\stm32f4xx_usart.o
 .debug_abbrev  0x00000204       0xb0 ..\obj\startup_stm32f4xx.o
 .debug_abbrev  0x000002b4      0x35f ..\obj\main.o
 .debug_abbrev  0x00000613      0x1e5 ..\obj\stm32f4xx_rcc.o
 .debug_abbrev  0x000007f8      0x290 ..\obj\printf.o
 .debug_abbrev  0x00000a88      0x159 ..\obj\dht11.o
 .debug_abbrev  0x00000be1      0x1a7 ..\obj\stm32f4xx_gpio.o
 .debug_abbrev  0x00000d88       0x14 ..\obj\sh_cmd.o
 .debug_abbrev  0x00000d9c      0x138 ..\obj\system_stm32f4xx.o
 .debug_abbrev  0x00000ed4      0x147 ..\obj\misc.o
 .debug_abbrev  0x0000101b      0x189 ..\obj\stm32f4xx_tim.o

.debug_aranges  0x00000000      0x858
 .debug_aranges
                0x00000000       0x30 ..\obj\semihosting.o
 .debug_aranges
                0x00000030      0x100 ..\obj\stm32f4xx_usart.o
 .debug_aranges
                0x00000130       0x28 ..\obj\startup_stm32f4xx.o
 .debug_aranges
                0x00000158       0xb0 ..\obj\main.o
 .debug_aranges
                0x00000208      0x178 ..\obj\stm32f4xx_rcc.o
 .debug_aranges
                0x00000380       0xa0 ..\obj\printf.o
 .debug_aranges
                0x00000420       0x28 ..\obj\dht11.o
 .debug_aranges
                0x00000448       0x88 ..\obj\stm32f4xx_gpio.o
 .debug_aranges
                0x000004d0       0x20 ..\obj\sh_cmd.o
 .debug_aranges
                0x000004f0       0x30 ..\obj\system_stm32f4xx.o
 .debug_aranges
                0x00000520       0x40 ..\obj\misc.o
 .debug_aranges
                0x00000560      0x2f8 ..\obj\stm32f4xx_tim.o

.debug_ranges   0x00000000      0x788
 .debug_ranges  0x00000000       0x20 ..\obj\semihosting.o
 .debug_ranges  0x00000020       0xf0 ..\obj\stm32f4xx_usart.o
 .debug_ranges  0x00000110       0x18 ..\obj\startup_stm32f4xx.o
 .debug_ranges  0x00000128       0xa0 ..\obj\main.o
 .debug_ranges  0x000001c8      0x168 ..\obj\stm32f4xx_rcc.o
 .debug_ranges  0x00000330       0x90 ..\obj\printf.o
 .debug_ranges  0x000003c0       0x18 ..\obj\dht11.o
 .debug_ranges  0x000003d8       0x78 ..\obj\stm32f4xx_gpio.o
 .debug_ranges  0x00000450       0x20 ..\obj\system_stm32f4xx.o
 .debug_ranges  0x00000470       0x30 ..\obj\misc.o
 .debug_ranges  0x000004a0      0x2e8 ..\obj\stm32f4xx_tim.o

.debug_line     0x00000000     0x2a31
 .debug_line    0x00000000       0xaf ..\obj\semihosting.o
 .debug_line    0x000000af      0x4dd ..\obj\stm32f4xx_usart.o
 .debug_line    0x0000058c       0xa2 ..\obj\startup_stm32f4xx.o
 .debug_line    0x0000062e      0x4da ..\obj\main.o
 .debug_line    0x00000b08      0x5c9 ..\obj\stm32f4xx_rcc.o
 .debug_line    0x000010d1      0x378 ..\obj\printf.o
 .debug_line    0x00001449      0x299 ..\obj\dht11.o
 .debug_line    0x000016e2      0x384 ..\obj\stm32f4xx_gpio.o
 .debug_line    0x00001a66       0x80 ..\obj\sh_cmd.o
 .debug_line    0x00001ae6      0x204 ..\obj\system_stm32f4xx.o
 .debug_line    0x00001cea      0x262 ..\obj\misc.o
 .debug_line    0x00001f4c      0xae5 ..\obj\stm32f4xx_tim.o

.debug_str      0x00000000     0x2c5d
 .debug_str     0x00000000      0x1a0 ..\obj\semihosting.o
                                0x1d9 (size before relaxing)
 .debug_str     0x000001a0      0x540 ..\obj\stm32f4xx_usart.o
                                0x690 (size before relaxing)
 .debug_str     0x000006e0       0xb1 ..\obj\startup_stm32f4xx.o
                                0x148 (size before relaxing)
 .debug_str     0x00000791      0xada ..\obj\main.o
                                0xdae (size before relaxing)
 .debug_str     0x0000126b      0x5e4 ..\obj\stm32f4xx_rcc.o
                                0x851 (size before relaxing)
 .debug_str     0x0000184f      0x4c0 ..\obj\printf.o
                                0x680 (size before relaxing)
 .debug_str     0x00001d0f      0x15f ..\obj\dht11.o
                                0x4dc (size before relaxing)
 .debug_str     0x00001e6e      0x19f ..\obj\stm32f4xx_gpio.o
                                0x4a4 (size before relaxing)
 .debug_str     0x0000200d       0xb5 ..\obj\system_stm32f4xx.o
                                0x3ab (size before relaxing)
 .debug_str     0x000020c2      0x114 ..\obj\misc.o
                                0x3cf (size before relaxing)
 .debug_str     0x000021d6      0xa87 ..\obj\stm32f4xx_tim.o
                                0xdd1 (size before relaxing)

.comment        0x00000000       0x6e
 .comment       0x00000000       0x6e ..\obj\semihosting.o
                                 0x6f (size before relaxing)
 .comment       0x0000006e       0x6f ..\obj\stm32f4xx_usart.o
 .comment       0x0000006e       0x6f ..\obj\startup_stm32f4xx.o
 .comment       0x0000006e       0x6f ..\obj\main.o
 .comment       0x0000006e       0x6f ..\obj\stm32f4xx_rcc.o
 .comment       0x0000006e       0x6f ..\obj\printf.o
 .comment       0x0000006e       0x6f ..\obj\dht11.o
 .comment       0x0000006e       0x6f ..\obj\stm32f4xx_gpio.o
 .comment       0x0000006e       0x6f ..\obj\system_stm32f4xx.o
 .comment       0x0000006e       0x6f ..\obj\misc.o
 .comment       0x0000006e       0x6f ..\obj\stm32f4xx_tim.o

.ARM.attributes
                0x00000000       0x31
 .ARM.attributes
                0x00000000       0x33 ..\obj\semihosting.o
 .ARM.attributes
                0x00000033       0x33 ..\obj\stm32f4xx_usart.o
 .ARM.attributes
                0x00000066       0x33 ..\obj\startup_stm32f4xx.o
 .ARM.attributes
                0x00000099       0x33 ..\obj\main.o
 .ARM.attributes
                0x000000cc       0x33 ..\obj\stm32f4xx_rcc.o
 .ARM.attributes
                0x000000ff       0x33 ..\obj\printf.o
 .ARM.attributes
                0x00000132       0x33 ..\obj\dht11.o
 .ARM.attributes
                0x00000165       0x33 ..\obj\stm32f4xx_gpio.o
 .ARM.attributes
                0x00000198       0x21 ..\obj\sh_cmd.o
 .ARM.attributes
                0x000001b9       0x33 ..\obj\system_stm32f4xx.o
 .ARM.attributes
                0x000001ec       0x33 ..\obj\misc.o
 .ARM.attributes
                0x0000021f       0x33 ..\obj\stm32f4xx_tim.o
 .ARM.attributes
                0x00000252       0x1c c:/program files (x86)/gnu tools arm embedded/5.4 2016q3/bin/../lib/gcc/arm-none-eabi/5.4.1/../../../../arm-none-eabi/lib/armv7e-m\libc.a(lib_a-strlen.o)

.debug_frame    0x00000000     0x23f4
 .debug_frame   0x00000000       0x7c ..\obj\semihosting.o
 .debug_frame   0x0000007c      0x490 ..\obj\stm32f4xx_usart.o
 .debug_frame   0x0000050c       0x4c ..\obj\startup_stm32f4xx.o
 .debug_frame   0x00000558      0x2b4 ..\obj\main.o
 .debug_frame   0x0000080c      0x6d4 ..\obj\stm32f4xx_rcc.o
 .debug_frame   0x00000ee0      0x2d8 ..\obj\printf.o
 .debug_frame   0x000011b8       0x58 ..\obj\dht11.o
 .debug_frame   0x00001210      0x23c ..\obj\stm32f4xx_gpio.o
 .debug_frame   0x0000144c       0x7c ..\obj\system_stm32f4xx.o
 .debug_frame   0x000014c8       0xd8 ..\obj\misc.o
 .debug_frame   0x000015a0      0xe54 ..\obj\stm32f4xx_tim.o
